******************************************************************************
                  TI ARM Linker PC v5.2.5                      
******************************************************************************
>> Linked Tue Jul 26 17:17:36 2016

OUTPUT FILE NAME:   <SensorTag.out>
ENTRY POINT SYMBOL: "ResetISR"  address: 000083bd


MEMORY CONFIGURATION

         name            origin    length      used     unused   attr    fill
----------------------  --------  ---------  --------  --------  ----  --------
  FLASH                 00000000   0000dfff  0000c2e0  00001d1f  R  X
  SRAM                  20000000   0000445f  00003c8f  000007d0  RW X


SEGMENT ALLOCATION MAP

run origin  load origin   length   init length attrs members
----------  ----------- ---------- ----------- ----- -------
00000000    00000000    00000094   00000094    r--
  00000000    00000000    0000003c   0000003c    r-- .resetVecs
  0000003c    0000003c    00000058   00000058    r-- .ccfg
00000100    00000100    0000c258   0000c258    r-x
  00000100    00000100    0000003c   0000003c    r-- .const:ti_sysbios_knl_Task_Object__PARAMS__C
  0000013c    0000013c    00000034   00000034    r-- .const:ti_sysbios_knl_Mailbox_Object__PARAMS__C
  00000170    00000170    00000030   00000030    r-- .const:ti_sysbios_family_arm_m3_Hwi_Object__PARAMS__C
  000001a0    000001a0    0000002c   0000002c    r-- .const:ti_sysbios_hal_Hwi_Object__PARAMS__C
  000001cc    000001cc    00000028   00000028    r-- .const:ti_sysbios_heaps_HeapMem_Module__FXNS__C
  000001f4    000001f4    00000028   00000028    r-- .const:ti_sysbios_knl_Swi_Object__PARAMS__C
  0000021c    0000021c    00000024   00000024    r-- .const:ti_sysbios_gates_GateHwi_Module__FXNS__C
  00000240    00000240    00000024   00000024    r-- .const:ti_sysbios_gates_GateMutex_Module__FXNS__C
  00000264    00000264    00000024   00000024    r-- .const:ti_sysbios_heaps_HeapMem_Object__PARAMS__C
  00000288    00000288    00000024   00000024    r-- .const:ti_sysbios_knl_Clock_Object__PARAMS__C
  000002ac    000002ac    00000024   00000024    r-- .const:ti_sysbios_knl_Semaphore_Object__PARAMS__C
  000002d0    000002d0    00000020   00000020    r-- .const:ti_sysbios_family_arm_m3_Hwi_Object__DESC__C
  000002f0    000002f0    00000020   00000020    r-- .const:ti_sysbios_gates_GateHwi_Object__DESC__C
  00000310    00000310    00000020   00000020    r-- .const:ti_sysbios_gates_GateMutex_Object__DESC__C
  00000330    00000330    00000020   00000020    r-- .const:ti_sysbios_hal_Hwi_Object__DESC__C
  00000350    00000350    00000020   00000020    r-- .const:ti_sysbios_heaps_HeapMem_Object__DESC__C
  00000370    00000370    00000020   00000020    r-- .const:ti_sysbios_knl_Clock_Object__DESC__C
  00000390    00000390    00000020   00000020    r-- .const:ti_sysbios_knl_Mailbox_Object__DESC__C
  000003b0    000003b0    00000020   00000020    r-- .const:ti_sysbios_knl_Queue_Object__DESC__C
  000003d0    000003d0    00000020   00000020    r-- .const:ti_sysbios_knl_Semaphore_Object__DESC__C
  000003f0    000003f0    00000020   00000020    r-- .const:ti_sysbios_knl_Swi_Object__DESC__C
  00000410    00000410    00000020   00000020    r-- .const:ti_sysbios_knl_Task_Object__DESC__C
  00000430    00000430    00000018   00000018    r-- .const:ti_sysbios_gates_GateHwi_Object__PARAMS__C
  00000448    00000448    00000018   00000018    r-- .const:ti_sysbios_gates_GateMutex_Object__PARAMS__C
  00000460    00000460    00000018   00000018    r-- .const:ti_sysbios_knl_Queue_Object__PARAMS__C
  00000478    00000478    00000008   00000008    r-- .const:ti_sysbios_knl_Idle_funcList__C
  00000484    00000484    00000004   00000004    r-- .const:ti_sysbios_family_arm_cc26xx_Timer_startupNeeded__C
  00000488    00000488    00000004   00000004    r-- .const:ti_sysbios_family_arm_m3_Hwi_E_alreadyDefined__C
  0000048c    0000048c    00000004   00000004    r-- .const:ti_sysbios_family_arm_m3_Hwi_E_hwiLimitExceeded__C
  00000490    00000490    00000004   00000004    r-- .const:ti_sysbios_family_arm_m3_Hwi_NUM_INTERRUPTS__C
  00000494    00000494    00000004   00000004    r-- .const:ti_sysbios_family_arm_m3_Hwi_Object__count__C
  00000498    00000498    00000004   00000004    r-- .const:ti_sysbios_family_arm_m3_Hwi_Object__table__C
  0000049c    0000049c    00000004   00000004    r-- .const:ti_sysbios_family_arm_m3_Hwi_ccr__C
  000004a0    000004a0    00000004   00000004    r-- .const:ti_sysbios_family_arm_m3_Hwi_excHandlerFunc__C
  000004a4    000004a4    00000004   00000004    r-- .const:ti_sysbios_family_arm_m3_Hwi_nullIsrFunc__C
  000004a8    000004a8    00000004   00000004    r-- .const:ti_sysbios_family_arm_m3_Hwi_numSparseInterrupts__C
  000004ac    000004ac    00000004   00000004    r-- .const:ti_sysbios_family_arm_m3_Hwi_priGroup__C
  000004b0    000004b0    00000004   00000004    r-- .const:ti_sysbios_family_arm_m3_TaskSupport_stackAlignment__C
  000004b4    000004b4    00000004   00000004    r-- .const:ti_sysbios_heaps_HeapMem_E_memory__C
  000004b8    000004b8    00000004   00000004    r-- .const:ti_sysbios_heaps_HeapMem_Module__gateObj__C
  000004bc    000004bc    00000004   00000004    r-- .const:ti_sysbios_heaps_HeapMem_Object__count__C
  000004c0    000004c0    00000004   00000004    r-- .const:ti_sysbios_heaps_HeapMem_Object__table__C
  000004c4    000004c4    00000004   00000004    r-- .const:ti_sysbios_heaps_HeapMem_reqAlign__C
  000004c8    000004c8    00000004   00000004    r-- .const:ti_sysbios_knl_Clock_serviceMargin__C
  000004cc    000004cc    00000004   00000004    r-- .const:ti_sysbios_knl_Mailbox_Object__count__C
  000004d0    000004d0    00000004   00000004    r-- .const:ti_sysbios_knl_Mailbox_Object__table__C
  000004d4    000004d4    00000004   00000004    r-- .const:ti_sysbios_knl_Queue_Object__count__C
  000004d8    000004d8    00000004   00000004    r-- .const:ti_sysbios_knl_Queue_Object__table__C
  000004dc    000004dc    00000004   00000004    r-- .const:ti_sysbios_knl_Swi_Object__count__C
  000004e0    000004e0    00000004   00000004    r-- .const:ti_sysbios_knl_Swi_Object__table__C
  000004e4    000004e4    00000004   00000004    r-- .const:ti_sysbios_knl_Swi_numPriorities__C
  000004e8    000004e8    00000004   00000004    r-- .const:ti_sysbios_knl_Task_Object__count__C
  000004ec    000004ec    00000004   00000004    r-- .const:ti_sysbios_knl_Task_Object__table__C
  000004f0    000004f0    00000004   00000004    r-- .const:ti_sysbios_knl_Task_allBlockedFunc__C
  000004f4    000004f4    00000004   00000004    r-- .const:ti_sysbios_knl_Task_defaultStackHeap__C
  000004f8    000004f8    00000004   00000004    r-- .const:ti_sysbios_knl_Task_defaultStackSize__C
  000004fc    000004fc    00000004   00000004    r-- .const:ti_sysbios_knl_Task_numConstructedTasks__C
  00000502    00000502    00000002   00000002    r-- .const:ti_sysbios_family_arm_cc26xx_Timer_Module__id__C
  00000504    00000504    00000002   00000002    r-- .const:ti_sysbios_family_arm_cc26xx_TimestampProvider_useClockTimer__C
  00000506    00000506    00000002   00000002    r-- .const:ti_sysbios_family_arm_m3_Hwi_Module__id__C
  00000508    00000508    00000002   00000002    r-- .const:ti_sysbios_gates_GateHwi_Module__id__C
  0000050a    0000050a    00000002   00000002    r-- .const:ti_sysbios_gates_GateMutex_Module__id__C
  0000050c    0000050c    00000002   00000002    r-- .const:ti_sysbios_heaps_HeapMem_Module__id__C
  0000050e    0000050e    00000002   00000002    r-- .const:ti_sysbios_knl_Task_initStackFlag__C
  00000510    00000510    00000001   00000001    r-- .const:ti_sysbios_knl_Clock_tickMode__C
  00000514    00000514    00000008   00000008    r-- .const:xdc_runtime_Startup_firstFxns__C
  0000051c    0000051c    00000008   00000008    r-- .const:xdc_runtime_Startup_lastFxns__C
  00000524    00000524    00000004   00000004    r-- .const:xdc_runtime_Assert_E_assertFailed__C
  00000528    00000528    00000004   00000004    r-- .const:xdc_runtime_Error_E_memory__C
  0000052c    0000052c    00000004   00000004    r-- .const:xdc_runtime_Error_policyFxn__C
  00000530    00000530    00000004   00000004    r-- .const:xdc_runtime_IGateProvider_Interface__BASE__C
  00000534    00000534    00000004   00000004    r-- .const:xdc_runtime_IHeap_Interface__BASE__C
  00000538    00000538    00000004   00000004    r-- .const:xdc_runtime_IModule_Interface__BASE__C
  0000053c    0000053c    00000004   00000004    r-- .const:xdc_runtime_Main_Module__diagsEnabled__C
  00000540    00000540    00000004   00000004    r-- .const:xdc_runtime_Main_Module__diagsIncluded__C
  00000544    00000544    00000004   00000004    r-- .const:xdc_runtime_Main_Module__diagsMask__C
  00000548    00000548    00000004   00000004    r-- .const:xdc_runtime_Memory_defaultHeapInstance__C
  0000054c    0000054c    00000004   00000004    r-- .const:xdc_runtime_Startup_execImpl__C
  00000550    00000550    00000004   00000004    r-- .const:xdc_runtime_Startup_maxPasses__C
  00000554    00000554    00000004   00000004    r-- .const:xdc_runtime_Startup_sfxnRts__C
  00000558    00000558    00000004   00000004    r-- .const:xdc_runtime_Startup_sfxnTab__C
  0000055c    0000055c    00000004   00000004    r-- .const:xdc_runtime_Startup_startModsFxn__C
  00000560    00000560    00000004   00000004    r-- .const:xdc_runtime_SysCallback_abortFxn__C
  00000564    00000564    00000004   00000004    r-- .const:xdc_runtime_SysCallback_exitFxn__C
  00000568    00000568    00000004   00000004    r-- .const:xdc_runtime_System_abortFxn__C
  0000056c    0000056c    00000004   00000004    r-- .const:xdc_runtime_System_exitFxn__C
  00000570    00000570    00000004   00000004    r-- .const:xdc_runtime_System_maxAtexitHandlers__C
  00000574    00000574    00000004   00000004    r-- .const:xdc_runtime_Text_charTab__C
  00000578    00000578    00000004   00000004    r-- .const:xdc_runtime_Text_nameEmpty__C
  0000057c    0000057c    00000004   00000004    r-- .const:xdc_runtime_Text_nameStatic__C
  00000580    00000580    00000004   00000004    r-- .const:xdc_runtime_Text_nameUnknown__C
  00000584    00000584    00000002   00000002    r-- .const:xdc_runtime_Main_Module__id__C
  00000586    00000586    00000002   00000002    r-- .const:xdc_runtime_Memory_Module__id__C
  00000588    00000588    00000002   00000002    r-- .const:xdc_runtime_Text_charCnt__C
  0000058a    0000058a    00000002   00000002    r-- .const:xdc_runtime_Text_isLoaded__C
  0000058c    0000058c    00000001   00000001    r-- .const:xdc_runtime_Error_policy__C
  00000590    00000590    00000004   00000004    r-- .const:ti_sysbios_rom_ROM_AONRTCChannelEnable
  00000594    00000594    00000004   00000004    r-- .const:ti_sysbios_rom_ROM_AONRTCCompareValueSet
  00000598    00000598    00000004   00000004    r-- .const:ti_sysbios_rom_ROM_AONRTCCurrentCompareValueGet
  0000059c    0000059c    00000004   00000004    r-- .const:ti_sysbios_rom_ROM_AONRTCEventClear
  000005a0    000005a0    00000004   00000004    r-- .const:ti_sysbios_rom_ROM_ti_sysbios_family_arm_cc26xx_Timer_getCount64__E
  000005a4    000005a4    00000004   00000004    r-- .const:ti_sysbios_rom_ROM_ti_sysbios_family_arm_cc26xx_Timer_getCurrentTick__E
  000005a8    000005a8    00000004   00000004    r-- .const:ti_sysbios_rom_ROM_ti_sysbios_family_arm_cc26xx_Timer_getMaxTicks__E
  000005ac    000005ac    00000004   00000004    r-- .const:ti_sysbios_rom_ROM_ti_sysbios_family_arm_cc26xx_Timer_initDevice__I
  000005b0    000005b0    00000004   00000004    r-- .const:ti_sysbios_rom_ROM_ti_sysbios_family_arm_cc26xx_Timer_setNextTick__E
  000005b4    000005b4    00000004   00000004    r-- .const:ti_sysbios_rom_ROM_ti_sysbios_family_arm_cc26xx_Timer_setThreshold__I
  000005b8    000005b8    00000004   00000004    r-- .const:ti_sysbios_rom_ROM_ti_sysbios_family_arm_cc26xx_Timer_start__E
  000005bc    000005bc    00000004   00000004    r-- .const:ti_sysbios_rom_ROM_ti_sysbios_family_arm_cc26xx_TimestampProvider_get32__E
  000005c0    000005c0    00000004   00000004    r-- .const:ti_sysbios_rom_ROM_xdc_runtime_Startup_getState__I
  000005c4    000005c4    00000004   00000004    r-- .const:ti_sysbios_rom_ROM_xdc_runtime_System_SupportProxy_abort__E
  000005c8    000005c8    00000004   00000004    r-- .const:ti_sysbios_rom_ROM_xdc_runtime_System_SupportProxy_exit__E
  000005cc    000005cc    00000004   00000004    r-- .const:ti_sysbios_gates_GateMutex_Instance_State_sem__O
  000005d0    000005d0    00000004   00000004    r-- .const:ti_sysbios_knl_Clock_Module_State_clockQ__O
  000005d4    000005d4    00000004   00000004    r-- .const:ti_sysbios_knl_Mailbox_Instance_State_dataQue__O
  000005d8    000005d8    00000004   00000004    r-- .const:ti_sysbios_knl_Mailbox_Instance_State_dataSem__O
  000005dc    000005dc    00000004   00000004    r-- .const:ti_sysbios_knl_Mailbox_Instance_State_freeQue__O
  000005e0    000005e0    00000004   00000004    r-- .const:ti_sysbios_knl_Mailbox_Instance_State_freeSem__O
  000005e4    000005e4    00000004   00000004    r-- .const:ti_sysbios_knl_Semaphore_Instance_State_pendQ__O
  000005e8    000005e8    00000004   00000004    r-- .const:ti_sysbios_knl_Task_Module_State_inactiveQ__O
  000005ec    000005ec    0000aa3c   0000aa3c    r-x .text
  0000b028    0000b028    000006d8   000006d8    r-- .const
  0000b700    0000b700    00000c58   00000c58    r-- .cinit
20000000    20000000    000000c8   00000000    rw-
  20000000    20000000    000000c8   00000000    rw- .vecs
20000100    20000100    00000104   00000000    rw-
  20000100    20000100    00000044   00000000    rw- .data:ti_sysbios_knl_Task_Module__state__V
  20000144    20000144    00000034   00000000    rw- .data:ti_sysbios_family_arm_m3_Hwi_Module__state__V
  20000178    20000178    0000002c   00000000    rw- .data:ti_sysbios_knl_Clock_Module__state__V
  200001a4    200001a4    00000024   00000000    rw- .data:ti_sysbios_BIOS_Module__state__V
  200001c8    200001c8    0000001c   00000000    rw- .data:ti_sysbios_knl_Swi_Module__state__V
  200001e4    200001e4    00000008   00000000    rw- .data:ti_sysbios_family_arm_cc26xx_Timer_Module__state__V
  200001ec    200001ec    00000004   00000000    rw- .data:ti_sysbios_family_arm_cc26xx_TimestampProvider_Module__state__V
  200001f0    200001f0    00000008   00000000    rw- .data:xdc_runtime_Startup_Module__state__V
  200001f8    200001f8    00000008   00000000    rw- .data:xdc_runtime_System_Module__state__V
  20000200    20000200    00000004   00000000    rw- .data:xdc_runtime_Memory_Module__state__V
20000430    20000430    00000010   00000000    rw-
  20000430    20000430    00000010   00000000    rw- .TI.bound:dmaRxControlTableEntry0
20000440    20000440    00000010   00000000    rw-
  20000440    20000440    00000010   00000000    rw- .TI.bound:dmaTxControlTableEntry0
20000500    20000500    00000010   00000000    rw-
  20000500    20000500    00000010   00000000    rw- .TI.bound:dmaRxControlTableEntry1
20000510    20000510    00003697   00000000    rw-
  20000510    20000510    00000010   00000000    rw- .TI.bound:dmaTxControlTableEntry1
  20000520    20000520    00001e6c   00000000    rw- .data
  20002390    20002390    00001817   00000000    rw- .bss
2000405c    2000405c    00000400   00000000    rw-
  2000405c    2000405c    00000400   00000000    rw- .stack


SECTION ALLOCATION MAP

 output                                  attributes/
section   page    origin      length       input sections
--------  ----  ----------  ----------   ----------------
.text      0    000005ec    0000aa3c     
                  000005ec    00000648     SensorTag.obj (.text:SensorTag_taskFxn)
                  00000c34    000005ce     driverlib.lib : setup.obj (.text:HapiTrimDeviceShutDown)
                  00001202    00000002     SPICC26XXDMA.obj (.text:SPICC26XXDMA_serviceISR)
                  00001204    000004c0     peripheral.obj (.text:gapRole_taskFxn)
                  000016c4    0000034c     sysbios.aem3 : mangled__BIOS_lib.obj (.text:ti_sysbios_family_arm_cc26xx_Power_auxISR__E)
                  00001a10    000002f4                  : mangled__BIOS_lib.obj (.text:ti_sysbios_family_arm_cc26xx_Power_sleep__E)
                  00001d04    00000294     peripheral.obj (.text:GAPRole_SetParameter)
                  00001f98    000001f4     rtsv7M3_T_le_eabi.lib : ull_div_t2.obj (.text)
                  0000218c    000001b6                           : fd_add_t2.obj (.text)
                  00002342    000001aa     driverlib.lib : sys_ctrl.obj (.text:SysCtrlSetRechargeBeforePowerDown)
                  000024ec    00000194     PINCC26XX.obj (.text:PIN_init)
                  00002680    0000018c     SPICC26XXDMA.obj (.text:SPICC26XXDMA_transfer)
                  0000280c    00000154     registerservice.obj (.text:sensor_WriteAttrCB)
                  00002960    00000150     SPICC26XXDMA.obj (.text:SPICC26XXDMA_initIO)
                  00002ab0    00000144     oad.obj (.text:OAD_imgBlockWrite)
                  00002bf4    0000013c     peripheral.obj (.text:GAPRole_GetParameter)
                  00002d30    00000138     I2CCC26XX.obj (.text:I2CCC26XX_open)
                  00002e68    0000012c     SPICC26XXDMA.obj (.text:SPICC26XXDMA_open)
                  00002f94    00000118     devinfoservice.obj (.text:DevInfo_SetParameter)
                  000030ac    00000114     SensorTag_Mov.obj (.text:SensorTagMov_processSensorEvent)
                  000031c0    0000010a     ICall.obj (.text:ICall_primWaitMatch)
                  000032ca    00000002     appBLE_pem3.oem3 (.text:ti_sysbios_BIOS_nullFunc__I)
                  000032cc    00000104     sysbios.aem3 : mangled__BIOS_lib.obj (.text:calibrateRcoscHf1$28)
                  000033d0    00000100     SPICC26XXDMA.obj (.text:SPICC26XXDMA_transferCancel)
                  000034d0    00000100     SensorTag_Bar.obj (.text:sensorTaskFxn)
                  000035d0    000000fc     SPICC26XXDMA.obj (.text:SPICC26XXDMA_hwiFxn)
                  000036cc    000000fc     rtsv7M3_T_le_eabi.lib : fd_mul_t2.obj (.text)
                  000037c8    000000fc     sensor_mpu9250.obj (.text:sensorMpu9250MagRead)
                  000038c4    000000f8     sysbios.aem3 : mangled__BIOS_lib.obj (.text:ti_sysbios_family_arm_cc26xx_Power_startFirstMeasurement__E)
                  000039bc    000000f0     sensor_bmp280.obj (.text:sensorBmp280Convert)
                  00003aac    000000f0     sysbios.aem3 : mangled__BIOS_lib.obj (.text:ti_sysbios_family_arm_cc26xx_Power_standbyPolicy__E)
                  00003b9c    000000e0     I2CCC26XX.obj (.text:I2CCC26XX_hwiFxn)
                  00003c7c    000000dc     oad.obj (.text:OAD_imgIdentifyWrite)
                  00003d58    000000dc     sensor_mpu9250.obj (.text:sensorMpu9250WomEnable)
                  00003e34    000000dc     SensorTag_Tmp.obj (.text:sensorTaskFxn)
                  00003f10    000000d8     sysbios.aem3 : mangled__BIOS_lib.obj (.text:ti_sysbios_family_arm_cc26xx_Power_setDependency__E)
                  00003fe8    000000d4     sensor_mpu9250.obj (.text:sensorMpu9250Reset)
                  000040bc    000000d0     ioservice.obj (.text:io_WriteAttrCB)
                  0000418c    000000d0     barometerservice.obj (.text:sensor_WriteAttrCB)
                  0000425c    000000d0     humidityservice.obj (.text:sensor_WriteAttrCB)
                  0000432c    000000d0     irtempservice.obj (.text:sensor_WriteAttrCB)
                  000043fc    000000d0     movementservice.obj (.text:sensor_WriteAttrCB)
                  000044cc    000000d0     opticservice.obj (.text:sensor_WriteAttrCB)
                  0000459c    000000d0     sysbios.aem3 : mangled__BIOS_lib.obj (.text:ti_sysbios_family_arm_cc26xx_Power_releaseDependency__E)
                  0000466c    000000cc     sensor_mpu9250.obj (.text:sensorMpu9250Enable)
                  00004738    000000c8     I2CCC26XX.obj (.text:I2CCC26XX_transfer)
                  00004800    000000c4     oad_target_externalFlash.obj (.text:OADTarget_systemReset)
                  000048c4    000000c0     SensorTag_Mov.obj (.text:SensorTagMov_processCharChangeEvt)
                  00004984    000000bc     SensorTag_IO.obj (.text:SensorTagIO_processCharChangeEvt)
                  00004a40    000000bc     sensor.obj (.text:sensorTestExecute)
                  00004afc    000000b8     PINCC26XX.obj (.text:PINCC26XX_setIoCfg)
                  00004bb4    000000b8     ccservice.obj (.text:ccService_WriteAttrCB)
                  00004c6c    000000b8     SensorTag_Hum.obj (.text:sensorTaskFxn)
                  00004d24    000000b4     SensorTag.obj (.text:MysensorTag_updateAdvertisingData)
                  00004dd8    000000b4     SensorTag_Keys.obj (.text:SensorTagKeys_processEvent)
                  00004e8c    000000b4     devinfoservice.obj (.text:devInfo_ReadAttrCB)
                  00004f40    000000b4     driverlib.lib : setup.obj (.text:trimDevice)
                  00004ff4    000000b0     gattservapp_util.obj (.text:GATTServApp_ProcessCharCfg)
                  000050a4    000000b0     sysbios.aem3 : mangled__BIOS_lib.obj (.text:ti_sysbios_knl_Clock_workFuncDynamic__E)
                  00005154    000000a8                  : mangled__BIOS_lib.obj (.text:ti_sysbios_knl_Task_setPri__E)
                  000051fc    000000a4                  : mangled__BIOS_lib.obj (.text:ti_sysbios_family_arm_cc26xx_Power_initiateCalibration__E)
                  000052a0    000000a0     auto_init.aem3 : auto_init.oem3 (.text)
                  00005340    0000009c     ICall.obj (.text:ICall_primSetTimer)
                  000053dc    0000009c     rtsv7M3_T_le_eabi.lib : memcpy_t2.obj (.text)
                  00005478    0000009c     sensor_tmp007.obj (.text:sensorTmp007Test)
                  00005514    00000096     sensor_bmp280.obj (.text:sensorBmp280Test)
                  000055aa    00000094     driverlib.lib : osc.obj (.text:OSCHF_GetStartupTime)
                  0000563e    00000002     sysbios.aem3 : mangled__BIOS_lib.obj (.text:ti_sysbios_family_arm_cc26xx_Power_defaultClockFunc__E)
                  00005640    00000094     SensorTag_Opt.obj (.text:SensorTagOpt_processCharChangeEvt)
                  000056d4    0000008c     PINCC26XX.obj (.text:PIN_open)
                  00005760    0000008c     SensorTag_Bar.obj (.text:SensorTagBar_processCharChangeEvt)
                  000057ec    0000008c     sensor_tmp007.obj (.text:sensorTmp007Read)
                  00005878    0000008c     sysbios.aem3 : mangled__BIOS_lib.obj (.text:ti_sysbios_family_arm_cc26xx_Power_LF_clockFunc__E)
                  00005904    0000008c                  : mangled__BIOS_lib.obj (.text:ti_sysbios_family_arm_cc26xx_Power_Module_startup__E)
                  00005990    00000088     I2CCC26XX.obj (.text:I2CCC26XX_close)
                  00005a18    00000088     registerservice.obj (.text:sensor_ReadAttrCB)
                  00005aa0    00000088     sysbios.aem3 : mangled__BIOS_lib.obj (.text:ti_sysbios_family_arm_cc26xx_Timer_start__E)
                  00005b28    00000084     ICall.obj (.text:ICall_heapMalloc)
                  00005bac    00000084     SensorTag_Tmp.obj (.text:SensorTagTmp_processCharChangeEvt)
                  00005c30    00000080     SensorTag_Hum.obj (.text:SensorTagHum_processCharChangeEvt)
                  00005cb0    00000080     oad.obj (.text:oadWriteAttrCB)
                  00005d30    0000007c     driverlib.lib : chipinfo.obj (.text:ChipInfo_GetHwRevision)
                  00005dac    0000007c     ICall.obj (.text:ICall_createRemoteTasks)
                  00005e28    0000007c     gattservapp_util.obj (.text:gattServApp_SendNotiInd)
                  00005ea4    0000007a     rtsv7M3_T_le_eabi.lib : memset_t2.obj (.text)
                  00005f1e    00000002     sysbios.aem3 : mangled__BIOS_lib.obj (.text:ti_sysbios_family_arm_cc26xx_Power_defaultNotifyTrapFunc__E)
                  00005f20    00000078     SPICC26XXDMA.obj (.text:SPICC26XXDMA_control)
                  00005f98    00000078     bsp_i2c.obj (.text:bspI2cSelect)
                  00006010    00000078     movementservice.obj (.text:sensor_ReadAttrCB)
                  00006088    00000074     ccservice.obj (.text:CcService_setParameter)
                  000060fc    00000074     ICall.obj (.text:ICall_primSend)
                  00006170    00000074     movementservice.obj (.text:Movement_setParameter)
                  000061e4    00000074     ext_flash.obj (.text:extFlashWrite)
                  00006258    00000070     bsp_i2c.obj (.text:bspI2cInit)
                  000062c8    00000070     barometerservice.obj (.text:sensor_ReadAttrCB)
                  00006338    0000006e     driverlib.lib : osc.obj (.text:OSCHF_AttemptToSwitchToXosc)
                  000063a6    00000002     appBLE_pem3.oem3 (.text:ti_sysbios_rom_cortexm_cc26xx_CC26xx_badRomRevision__E)
                  000063a8    0000006c     barometerservice.obj (.text:Barometer_setParameter)
                  00006414    0000006c     ICallCC2650.obj (.text:ICallPlatform_pwrUpdActivityCounter)
                  00006480    0000006c     SensorTag_ConnCtrl.obj (.text:SensorTagConnectionControl_update)
                  000064ec    0000006c     peripheral.obj (.text:gapRole_startConnUpdate)
                  00006558    0000006c     sensor_hdc1000.obj (.text:sensorHdc1000Convert)
                  000065c4    0000006a     I2CCC26XX.obj (.text:I2CCC26XX_primeTransfer)
                  0000662e    0000006a     rtsv7M3_T_le_eabi.lib : copy_decompress_rle.obj (.text)
                  00006698    0000006a     sensor_opt3001.obj (.text:sensorOpt3001Read)
                  00006702    00000002     sysbios.aem3 : mangled__BIOS_lib.obj (.text:xdc_runtime_SysCallback_defaultAbort)
                  00006704    00000068     humidityservice.obj (.text:Humidity_setParameter)
                  0000676c    00000068     ICall.obj (.text:ICall_primEnroll)
                  000067d4    00000068     irtempservice.obj (.text:IRTemp_setParameter)
                  0000683c    00000068     simplekeys.obj (.text:SK_AddService)
                  000068a4    00000068     UDMACC26XX.obj (.text:UDMACC26XX_open)
                  0000690c    00000068     SensorTag_Mov.obj (.text:appStateSet)
                  00006974    00000066     driverlib.lib : sys_ctrl.obj (.text:SysCtrl_DCDC_VoltageConditionalControl)
                  000069da    00000066     sensor_hdc1000.obj (.text:sensorHdc1000Test)
                  00006a40    00000066     humidityservice.obj (.text:sensor_ReadAttrCB)
                  00006aa6    00000066     irtempservice.obj (.text:sensor_ReadAttrCB)
                  00006b0c    00000066     opticservice.obj (.text:sensor_ReadAttrCB)
                  00006b72    00000002     sysbios.aem3 : mangled__BIOS_lib.obj (.text:xdc_runtime_SysCallback_defaultExit)
                  00006b74    00000064     oad.obj (.text:OAD_getNextBlockReq)
                  00006bd8    00000064     opticservice.obj (.text:Optic_setParameter)
                  00006c3c    00000064     PINCC26XX.obj (.text:PIN_add)
                  00006ca0    00000064     registerservice.obj (.text:Register_addService)
                  00006d04    00000064     registerservice.obj (.text:sensor_initRegister)
                  00006d68    00000062     driverlib.lib : sys_ctrl.obj (.text:SysCtrlAdjustRechargeAfterPowerDown)
                  00006dca    00000002     --HOLE-- [fill = 0]
                  00006dcc    00000060     oad.obj (.text:OAD_addService)
                  00006e2c    00000060     SensorTag_Mov.obj (.text:SensorTagMov_init)
                  00006e8c    00000060     ext_flash.obj (.text:extFlashErase)
                  00006eec    00000060     appBLE_pem3.oem3 (.text:ti_sysbios_family_arm_cc26xx_Power_XOSC_HF_clockFunc__E)
                  00006f4c    00000060     sysbios.aem3 : mangled__BIOS_lib.obj (.text:ti_sysbios_family_arm_cc26xx_Timer_setNextTick__E)
                  00006fac    0000005c     barometerservice.obj (.text:Barometer_addService)
                  00007008    0000005c     ccservice.obj (.text:CcService_addService)
                  00007064    0000005c     humidityservice.obj (.text:Humidity_addService)
                  000070c0    0000005c     ICall.obj (.text:ICall_newTask)
                  0000711c    0000005c     ICall.obj (.text:ICall_primThreadServes)
                  00007178    0000005c     irtempservice.obj (.text:IRTemp_addService)
                  000071d4    0000005c     ioservice.obj (.text:Io_addService)
                  00007230    0000005c     movementservice.obj (.text:Movement_addService)
                  0000728c    0000005c     opticservice.obj (.text:Optic_addService)
                  000072e8    0000005c     sensor_mpu9250.obj (.text:sensorMpu9250MagReset)
                  00007344    0000005c     sensor_mpu9250.obj (.text:sensorMpu9250Test)
                  000073a0    0000005c     registerservice.obj (.text:sensor_readRegister)
                  000073fc    0000005c     appBLE_pem3.oem3 (.text:xdc_runtime_Startup_getState__I)
                  00007458    0000005a     ioservice.obj (.text:io_ReadAttrCB)
                  000074b2    00000002     --HOLE-- [fill = 0]
                  000074b4    00000058     peripheral.obj (.text:GAPRole_SendUpdateParam)
                  0000750c    00000058     I2CCC26XX.obj (.text:I2CCC26XX_completeTransfer)
                  00007564    00000058     ICallCC2650.obj (.text:ICallPlatform_pwrRegisterNotify)
                  000075bc    00000058     driverlib.lib : osc.obj (.text:OSCHF_SwitchToRcOscTurnOffXosc)
                  00007614    00000058     SPICC26XXDMA.obj (.text:SPICC26XXDMA_initHw)
                  0000766c    00000058     util.obj (.text:Util_constructClock)
                  000076c4    00000058     SensorTag_Keys.obj (.text:processGapStateChange)
                  0000771c    00000058     sysbios.aem3 : mangled__BIOS_lib.obj (.text:ti_sysbios_family_arm_cc26xx_Power_notify__I)
                  00007774    00000056     gattservapp_util.obj (.text:GATTServApp_ProcessCCCWriteReq)
                  000077ca    00000056     driverlib.lib : ddi.obj (.text:NOROM_DDI16BitfieldWrite)
                  00007820    00000054     ICall.obj (.text:ICall_primFetchMsg)
                  00007874    00000054     ioservice.obj (.text:Io_setParameter)
                  000078c8    00000054     PINCC26XX.obj (.text:PIN_remove)
                  0000791c    00000054     SensorTag_IO.obj (.text:SensorTagIO_reset)
                  00007970    00000054     util.obj (.text:Util_enqueueMsg)
                  000079c4    00000054     util.obj (.text:Util_rescheduleClock)
                  00007a18    00000054     ccservice.obj (.text:ccService_ReadAttrCB)
                  00007a6c    00000054     sensor_mpu9250.obj (.text:sensorMpu9250AccSetRange)
                  00007ac0    00000052     ICall.obj (.text:ICall_primWait)
                  00007b12    00000052     driverlib.lib : osc.obj (.text:NOROM_OSCClockSourceSet)
                  00007b64    00000052     SensorTag_ConnCtrl.obj (.text:SensorTagConnControl_processCharChangeEvt)
                  00007bb6    00000052     ext_flash.obj (.text:extFlashRead)
                  00007c08    00000050     ICallBleAPI.obj (.text:GAPBondMgr_LinkEst)
                  00007c58    00000050     ICallBleAPI.obj (.text:GAP_DeviceInit)
                  00007ca8    00000050     ICallBleAPI.obj (.text:GATTServApp_RegisterService)
                  00007cf8    00000050     I2CCC26XX.obj (.text:I2CCC26XX_initHw)
                  00007d48    00000050     ICall.obj (.text:ICall_primGetEntityId)
                  00007d98    00000050     ICall.obj (.text:ICall_primRegisterApp)
                  00007de8    00000050     sensor_hdc1000.obj (.text:sensorHdc1000Read)
                  00007e38    0000004e     SPICC26XXDMA.obj (.text:SPICC26XXDMA_close)
                  00007e86    0000004e     sensor_opt3001.obj (.text:sensorOpt3001Test)
                  00007ed4    0000004c     ICall.obj (.text:ICall_primFetchServiceMsg)
                  00007f20    0000004c     SensorTag_Opt.obj (.text:SensorTagOpt_init)
                  00007f6c    0000004c     SensorTag.obj (.text:SensorTag_blinkLed)
                  00007fb8    0000004c     bsp_spi.obj (.text:bspSpiOpen)
                  00008004    0000004c     ext_flash.obj (.text:extFlashOpen)
                  00008050    0000004c     ext_flash.obj (.text:extFlashVerifyPart)
                  0000809c    0000004c     ext_flash.obj (.text:extFlashWaitReady)
                  000080e8    0000004c     ICallBleAPI.obj (.text:gattIndNoti)
                  00008134    0000004c     rtsv7M3_T_le_eabi.lib : cpy_tbl.obj (.text)
                  00008180    00000048     ICallBleAPI.obj (.text:GAP_UpdateAdvertisingData)
                  000081c8    00000048     oad_target_externalFlash.obj (.text:OADTarget_getCurrentImageHeader)
                  00008210    00000048     PINCC26XX.obj (.text:PIN_Isr)
                  00008258    00000048     SensorTag.obj (.text:SensorTag_processOadWriteCB)
                  000082a0    00000048     rtsv7M3_T_le_eabi.lib : fd_tos_t2.obj (.text)
                  000082e8    00000048     sensor_bmp280.obj (.text:sensorBmp280Read)
                  00008330    00000046     SensorTag.obj (.text:SensorTag_hasFactoryImage)
                  00008376    00000002     --HOLE-- [fill = 0]
                  00008378    00000044     SensorTag_Keys.obj (.text:SensorTagKeys_processKeyLeft)
                  000083bc    00000044     boot.aem3 : boot.oem3 (.text)
                  00008400    00000044     ext_flash.obj (.text:extFlashClose)
                  00008444    00000044     rtsv7M3_T_le_eabi.lib : exit.obj (.text)
                  00008488    00000044     sensor_mpu9250.obj (.text:sensorMpu9250SetBypass)
                  000084cc    00000044     sysbios.aem3 : mangled__BIOS_lib.obj (.text:ti_sysbios_family_arm_cc26xx_Timer_initDevice__I)
                  00008510    00000042     ICall.obj (.text:ICall_primCreateSemaphore)
                  00008552    00000042     ICall.obj (.text:ICall_primCreateTask)
                  00008594    00000042     driverlib.lib : ddi.obj (.text:NOROM_DDI16BitfieldRead)
                  000085d6    00000002     --HOLE-- [fill = 0]
                  000085d8    00000040     peripheral.obj (.text:GAPRole_createTask)
                  00008618    00000040     oad_target_externalFlash.obj (.text:OADTarget_storeImageHeader)
                  00008658    00000040     simplekeys.obj (.text:SK_SetParameter)
                  00008698    00000040     simplekeys.obj (.text:SK_readAttrCB)
                  000086d8    00000040     SensorTag.obj (.text:SensorTag_createTask)
                  00008718    00000040     sensor_mpu9250.obj (.text:sensorMpu9250MagTest)
                  00008758    00000040     sensor_mpu9250.obj (.text:sensorMpuSleep)
                  00008798    00000040     sensor_tmp007.obj (.text:sensorTmp007Enable)
                  000087d8    00000040     appBLE_pem3.oem3 (.text:ti_sysbios_family_arm_cc26xx_Power_XOSC_HF)
                  00008818    00000040     sysbios.aem3 : mangled__BIOS_lib.obj (.text:ti_sysbios_family_arm_cc26xx_Power_isStableXOSC_HF__E)
                  00008858    00000040                  : mangled__BIOS_lib.obj (.text:ti_sysbios_family_arm_cc26xx_Timer_getCurrentTick__E)
                  00008898    00000040     ICallBleAPI.obj (.text:waitMatchCS)
                  000088d8    0000003e     driverlib.lib : osc.obj (.text:NOROM_OSCInterfaceEnable)
                  00008916    0000003e     ICallBleAPI.obj (.text:gapSendParamAndPtrCmd)
                  00008954    0000003c     ICallBleAPI.obj (.text:GAP_GetParamValue)
                  00008990    0000003c     ICallBleAPI.obj (.text:GAP_TerminateLinkReq)
                  000089cc    0000003c     ICallCC2650.obj (.text:ICallPlatform_pwrConfigACAction)
                  00008a08    0000003c     PINCC26XX.obj (.text:PINCC26XX_getConfig)
                  00008a44    0000003c     SensorTag_Bar.obj (.text:SensorTagBar_createTask)
                  00008a80    0000003c     SensorTag_Hum.obj (.text:SensorTagHum_createTask)
                  00008abc    0000003c     SensorTag_Keys.obj (.text:SensorTagKeys_processKeyRight)
                  00008af8    0000003c     SensorTag_Tmp.obj (.text:SensorTagTmp_createTask)
                  00008b34    0000003c     bsp_i2c.obj (.text:bspI2cRead)
                  00008b70    0000003c     SensorTag_IO.obj (.text:initBuzzTimer)
                  00008bac    0000003c     ICallBleAPI.obj (.text:sendWaitMatchCS)
                  00008be8    0000003c     ICallBleAPI.obj (.text:sendWaitMatchValueCS)
                  00008c24    0000003c     sensor_bmp280.obj (.text:sensorBmp280Init)
                  00008c60    0000003c     sensor_mpu9250.obj (.text:sensorMpu9250AccRead)
                  00008c9c    0000003c     sensor_mpu9250.obj (.text:sensorMpu9250AccReadRange)
                  00008cd8    0000003c     sensor_mpu9250.obj (.text:sensorMpu9250GyroRead)
                  00008d14    0000003c     sysbios.aem3 : mangled__BIOS_lib.obj (.text:ti_sysbios_family_arm_cc26xx_Power_releaseConstraint__E)
                  00008d50    0000003a     ICallBleAPI.obj (.text:profileSetParameter)
                  00008d8a    0000003a     sensor_mpu9250.obj (.text:sensorMpu9250IntStatus)
                  00008dc4    00000038     ccservice.obj (.text:CcService_getParameter)
                  00008dfc    00000038     I2C.obj (.text:I2C_init)
                  00008e34    00000038     ICall.obj (.text:ICall_dispatch)
                  00008e6c    00000038     ICall.obj (.text:ICall_init)
                  00008ea4    00000038     ICall.obj (.text:ICall_primGetMaxMSecs)
                  00008edc    00000038     ICall.obj (.text:ICall_primSetTimerMSecs)
                  00008f14    00000038     movementservice.obj (.text:Movement_getParameter)
                  00008f4c    00000038     driverlib.lib : osc.obj (.text:OSCHF_TurnOnXosc)
                  00008f84    00000038     PINCC26XX.obj (.text:PIN_setOutputValue)
                  00008fbc    00000038     SPICC26XXDMA.obj (.text:SPICC26XXDMA_csnCallback)
                  00008ff4    00000038     SensorTag_Opt.obj (.text:SensorTagOpt_reset)
                  0000902c    00000038     util.obj (.text:Util_restartClock)
                  00009064    00000038     bsp_i2c.obj (.text:bspI2cWrite)
                  0000909c    00000038     bsp_i2c.obj (.text:bspI2cWriteRead)
                  000090d4    00000038     bsp_spi.obj (.text:bspSpiClose)
                  0000910c    00000038     ICallBleAPI.obj (.text:gapSendParamsCmd)
                  00009144    00000038     ICallBleAPI.obj (.text:gapSendPtrParamsCmd)
                  0000917c    00000038     ICallBleAPI.obj (.text:linkDB_NumConns)
                  000091b4    00000038     ICallBleAPI.obj (.text:osal_snv_read)
                  000091ec    00000038     ICallBleAPI.obj (.text:osal_snv_write)
                  00009224    00000038     rtsv7M3_T_le_eabi.lib : fs_toi_t2.obj (.text)
                  0000925c    00000038     sysbios.aem3 : mangled__BIOS_lib.obj (.text:ti_sysbios_family_arm_cc26xx_Power_setConstraint__E)
                  00009294    00000038                  : mangled__BIOS_lib.obj (.text:ti_sysbios_family_arm_cc26xx_Timer_setThreshold__I)
                  000092cc    00000036     ICallCC2650.obj (.text:ICallPlatform_pwrDispenseImpl)
                  00009302    00000036     ICallCC2650.obj (.text:ICallPlatform_pwrRequireImpl)
                  00009338    00000036     ICall.obj (.text:ICall_primWaitSemaphore)
                  0000936e    00000002     --HOLE-- [fill = 0]
                  00009370    00000034     barometerservice.obj (.text:Barometer_getParameter)
                  000093a4    00000034     driverlib.lib : chipinfo.obj (.text:ChipInfo_GetChipFamily)
                  000093d8    00000034     peripheral.obj (.text:GAPRole_StartDevice)
                  0000940c    00000034     ICallBleAPI.obj (.text:GAP_SetParamValue)
                  00009440    00000034     gattservapp_util.obj (.text:GATTServApp_InitCharCfg)
                  00009474    00000034     oad.obj (.text:ICall_malloc)
                  000094a8    00000034     ICall.obj (.text:ICall_msgEnqueue)
                  000094dc    00000034     ICall.obj (.text:ICall_primRegisterISR)
                  00009510    00000034     ICall.obj (.text:ICall_primRegisterISR_Ext)
                  00009544    00000034     ICall.obj (.text:ICall_searchServiceEntity)
                  00009578    00000034     ICallBleAPI.obj (.text:ICall_sendServiceMsg)
                  000095ac    00000034     PINCC26XX.obj (.text:PIN_setInterrupt)
                  000095e0    00000034     SensorTag_Keys.obj (.text:SensorTagKeys_processRelay)
                  00009614    00000034     rtsv7M3_T_le_eabi.lib : fs_tou_t2.obj (.text)
                  00009648    00000032     ICallCC2650.obj (.text:ICallPlatform_pwrNotify)
                  0000967a    00000032     simplekeys.obj (.text:SK_writeAttrCB)
                  000096ac    00000032     ICallBleAPI.obj (.text:matchGapSetGetParamCS)
                  000096de    00000032     ICallBleAPI.obj (.text:matchGattCmdStatus)
                  00009710    00000032     ICallBleAPI.obj (.text:matchUtilNvCS)
                  00009742    00000002     --HOLE-- [fill = 0]
                  00009744    00000030     humidityservice.obj (.text:Humidity_getParameter)
                  00009774    00000030     ICall.obj (.text:ICall_heapInit)
                  000097a4    00000030     ICall.obj (.text:ICall_msecs2Ticks)
                  000097d4    00000030     ICall.obj (.text:ICall_primEntityId2ServiceId)
                  00009804    00000030     ICall.obj (.text:ICall_searchTask)
                  00009834    00000030     ICallBleAPI.obj (.text:ICall_waitMatch)
                  00009864    00000030     irtempservice.obj (.text:IRTemp_getParameter)
                  00009894    00000030     opticservice.obj (.text:Optic_getParameter)
                  000098c4    00000030     PINCC26XX.obj (.text:PIN_setConfig)
                  000098f4    00000030     registerservice.obj (.text:Register_setParameter)
                  00009924    00000030     bsp_spi.obj (.text:bspSpiRead)
                  00009954    00000030     bsp_spi.obj (.text:bspSpiWrite)
                  00009984    00000030     ext_flash.obj (.text:extFlashWriteEnable)
                  000099b4    00000030     main.obj (.text:main)
                  000099e4    00000030     ICallBleAPI.obj (.text:profileAddService)
                  00009a14    00000030     sensor_hdc1000.obj (.text:sensorHdc1000Init)
                  00009a44    00000030     sensor_mpu9250.obj (.text:sensorMpu9250PowerOn)
                  00009a74    00000030     appBLE_pem3.oem3 (.text:ti_sysbios_BIOS_atExitFunc__I)
                  00009aa4    00000030     sysbios.aem3 : mangled__BIOS_lib.obj (.text:ti_sysbios_family_arm_cc26xx_Power_registerNotify__E)
                  00009ad4    00000030                  : mangled__BIOS_lib.obj (.text:ti_sysbios_family_arm_cc26xx_Power_switchXOSC_HF__E)
                  00009b04    0000002e     oad.obj (.text:crc16)
                  00009b32    0000002e     ICallBleAPI.obj (.text:matchProfileAddServiceCS)
                  00009b60    0000002e     rtsv7M3_T_le_eabi.lib : i_tofd_t2.obj (.text)
                  00009b8e    0000002e     sensor_opt3001.obj (.text:sensorOpt3001Enable)
                  00009bbc    0000002c     driverlib.lib : aon_batmon.obj (.text:AONBatMonTemperatureGetDegC)
                  00009be8    0000002c     ICallBleAPI.obj (.text:GAPBondMgr_LinkTerm)
                  00009c14    0000002c     ICallBleAPI.obj (.text:GAPBondMgr_Register)
                  00009c40    0000002c     ICallBleAPI.obj (.text:ICall_getLocalMsgEntityId)
                  00009c6c    0000002c     ICall.obj (.text:ICall_heapFree)
                  00009c98    0000002c     ICall.obj (.text:ICall_primAllocMsg)
                  00009cc4    0000002c     SensorTag_ConnCtrl.obj (.text:SensorTagConnControl_paramUpdateCB)
                  00009cf0    0000002c     SensorTag_Mov.obj (.text:SensorTagMov_reset)
                  00009d1c    0000002c     SensorTag.obj (.text:SensorTag_charValueChangeCB)
                  00009d48    0000002c     SensorTag.obj (.text:SensorTag_stateChangeCB)
                  00009d74    0000002c     sensor_mpu9250.obj (.text:sensorMpu9250Init)
                  00009da0    0000002c     sensor.obj (.text:sensorWriteReg)
                  00009dcc    0000002c     st_util.obj (.text:utilExtractUuid16)
                  00009df8    0000002a     UDMACC26XX.obj (.text:UDMACC26XX_close)
                  00009e22    0000002a     ICallBleAPI.obj (.text:matchProfileCS)
                  00009e4c    00000028     gattservapp_util.obj (.text:GATTServApp_WriteCharCfg)
                  00009e74    00000028     ICallBleAPI.obj (.text:ICall_allocMsg)
                  00009e9c    00000028     ICallBleAPI.obj (.text:ICall_getEntityId)
                  00009ec4    00000028     SensorTag.obj (.text:ICall_malloc)
                  00009eec    00000028     driverlib.lib : aon_rtc.obj (.text:NOROM_AONRTCCurrentCompareValueGet)
                  00009f14    00000028     PINCC26XX.obj (.text:PINCC26XX_setMux)
                  00009f3c    00000028     SensorTag_Bar.obj (.text:SensorTagBar_reset)
                  00009f64    00000028     gattservapp_util.obj (.text:gattServApp_FindCharCfgItem)
                  00009f8c    00000028     sensor_bmp280.obj (.text:sensorBmp280Enable)
                  00009fb4    00000028     sensor_mpu9250.obj (.text:sensorMpu9250PowerOff)
                  00009fdc    00000028     appBLE_pem3.oem3 (.text:ti_sysbios_family_arm_cc26xx_Power_isDependencyActive)
                  0000a004    00000028     sysbios.aem3 : mangled__BIOS_lib.obj (.text:ti_sysbios_family_arm_cc26xx_Timer_getMaxTicks__E)
                  0000a02c    00000026     driverlib.lib : osc.obj (.text:NOROM_OSCClockSourceGet)
                  0000a052    00000002     --HOLE-- [fill = 0]
                  0000a054    00000024     ICallBleAPI.obj (.text:GATT_bm_alloc)
                  0000a078    00000024     oad_target_externalFlash.obj (.text:OADTarget_validateNewImage)
                  0000a09c    00000024     SensorTag_Hum.obj (.text:SensorTagHum_reset)
                  0000a0c0    00000024     SensorTag_IO.obj (.text:SensorTagIO_init)
                  0000a0e4    00000024     SensorTag_Opt.obj (.text:SensorTagOpt_processSensorEvent)
                  0000a108    00000024     SensorTag_Tmp.obj (.text:SensorTagTmp_reset)
                  0000a12c    00000024     sensor_hdc1000.obj (.text:sensorHdc1000Start)
                  0000a150    00000024     appBLE_pem3.oem3 (.text:ti_sysbios_BIOS_registerRTSLock__I)
                  0000a174    00000024     appBLE_pem3.oem3 (.text:ti_sysbios_BIOS_removeRTSLock__I)
                  0000a198    00000024     appBLE_pem3.oem3 (.text:ti_sysbios_BIOS_startFunc__I)
                  0000a1bc    00000008     (.tramp.xdc_runtime_System_atexit__E.1)
                  0000a1c4    00000008     (.tramp.ti_sysbios_family_arm_cc26xx_Timer_startup__E.1)
                  0000a1cc    00000008     (.tramp.ti_sysbios_hal_Hwi_startup__E.1)
                  0000a1d4    00000008     (.tramp.ti_sysbios_knl_Swi_startup__E.1)
                  0000a1dc    00000008     (.tramp.ti_sysbios_knl_Task_startup__E.1)
                  0000a1e4    00000024     sysbios.aem3 : mangled__BIOS_lib.obj (.text:ti_sysbios_family_arm_cc26xx_Timer_dynamicStub__E)
                  0000a208    00000022     rtsv7M3_T_le_eabi.lib : memcmp.obj (.text)
                  0000a22a    00000002     --HOLE-- [fill = 0]
                  0000a22c    00000020     peripheral.obj (.text:GAPRole_TerminateConnection)
                  0000a24c    00000020     util.obj (.text:ICall_free)
                  0000a26c    00000020     ICallBleAPI.obj (.text:ICall_freeMsg)
                  0000a28c    00000020     ioservice.obj (.text:Io_getParameter)
                  0000a2ac    00000020     SensorTag_Mov.obj (.text:SensorTagMov_processInterrupt)
                  0000a2cc    00000020     SensorTag_Opt.obj (.text:SensorTagOpt_clockHandler)
                  0000a2ec    00000020     SensorTag.obj (.text:SensorTag_applyFactoryImage)
                  0000a30c    00000020     util.obj (.text:Util_dequeueMsg)
                  0000a32c    00000020     SensorTag_Mov.obj (.text:initCharacteristicValue)
                  0000a34c    00000020     rtsv7M3_T_le_eabi.lib : u_tofd_t2.obj (.text)
                  0000a36c    00000020     appBLE_pem3.oem3 (.text:ti_sysbios_BIOS_rtsLock__I)
                  0000a38c    00000008     (.tramp.ti_sysbios_BIOS_RtsGateProxy_enter__E.1)
                  0000a394    00000020     sysbios.aem3 : mangled__BIOS_lib.obj (.text:ti_sysbios_family_arm_cc26xx_TimestampProvider_get32__E)
                  0000a3b4    00000020     SensorTag_IO.obj (.text:timerIsr)
                  0000a3d4    0000001e     ICallBleAPI.obj (.text:GATT_Notification)
                  0000a3f2    0000001e     ICall.obj (.text:ICall_primSendServiceMsg)
                  0000a410    0000001e     driverlib.lib : flash.obj (.text:NOROM_FlashProgram)
                  0000a42e    0000001e                   : flash.obj (.text:NOROM_FlashSectorErase)
                  0000a44c    0000001e     PINCC26XX.obj (.text:PIN_close)
                  0000a46a    0000001e     sensor.obj (.text:convertToLe)
                  0000a488    0000001c     barometerservice.obj (.text:Barometer_registerAppCBs)
                  0000a4a4    0000001c     gattservapp_util.obj (.text:GATTServApp_FindAttr)
                  0000a4c0    0000001c     ICallBleAPI.obj (.text:GATT_bm_free)
                  0000a4dc    0000001c     humidityservice.obj (.text:Humidity_registerAppCBs)
                  0000a4f8    0000001c     ICall.obj (.text:ICall_enterCSImpl)
                  0000a514    0000001c     ICall.obj (.text:ICall_primService)
                  0000a530    0000001c     irtempservice.obj (.text:IRTemp_registerAppCBs)
                  0000a54c    0000001c     movementservice.obj (.text:Movement_registerAppCBs)
                  0000a568    0000001c     opticservice.obj (.text:Optic_registerAppCBs)
                  0000a584    0000001c     PINCC26XX.obj (.text:PINCC26XX_setIoCfgMux)
                  0000a5a0    0000001c     ICallBleAPI.obj (.text:getStatusValueFromErrNo)
                  0000a5bc    0000001c     sysbios.aem3 : mangled__BIOS_lib.obj (.text:ti_sysbios_family_arm_cc26xx_Power_unregisterNotify__E)
                  0000a5d8    0000001a     ICallBleAPI.obj (.text:matchGattIndNotiCS)
                  0000a5f2    00000018     driverlib.lib : chipinfo.obj (.text:ChipInfo_GetPackageType)
                  0000a60a    00000002     --HOLE-- [fill = 0]
                  0000a60c    00000018     I2C.obj (.text:I2C_open)
                  0000a624    00000018     ICallCC2650.obj (.text:ICallPlatform_pwrDispense)
                  0000a63c    00000018     ICallCC2650.obj (.text:ICallPlatform_pwrRequire)
                  0000a654    00000018     ICall.obj (.text:ICall_primMalloc)
                  0000a66c    00000018     ioservice.obj (.text:Io_registerAppCBs)
                  0000a684    00000018     PINCC26XX.obj (.text:PIN_getConfig)
                  0000a69c    00000018     SPI.obj (.text:SPI_open)
                  0000a6b4    00000018     SensorTag_Keys.obj (.text:SensorTagKeys_reset)
                  0000a6cc    00000018     SensorTag_Mov.obj (.text:SensorTagMov_clockHandler)
                  0000a6e4    00000018     SensorTag.obj (.text:SensorTag_callback)
                  0000a6fc    00000018     SensorTag.obj (.text:SensorTag_clockHandler)
                  0000a714    00000018     peripheral.obj (.text:gapRole_setEvent)
                  0000a72c    00000018     SensorTag_Bar.obj (.text:initCharacteristicValue)
                  0000a744    00000018     SensorTag_Hum.obj (.text:initCharacteristicValue)
                  0000a75c    00000018     SensorTag_Opt.obj (.text:initCharacteristicValue)
                  0000a774    00000018     SensorTag_Tmp.obj (.text:initCharacteristicValue)
                  0000a78c    00000018     rtsv7M3_T_le_eabi.lib : args_main.obj (.text)
                  0000a7a4    00000018                           : ll_mul_t2.obj (.text)
                  0000a7bc    00000018     SensorTag.obj (.text:sensorTag_updateAdvertisingData)
                  0000a7d4    00000018     appBLE_pem3.oem3 (.text:ti_sysbios_BIOS_rtsUnlock__I)
                  0000a7ec    00000008     (.tramp.ti_sysbios_BIOS_RtsGateProxy_leave__E.1)
                  0000a7f4    00000018     appBLE_pem3.oem3 (.text:ti_sysbios_family_arm_cc26xx_Power_RFCORECLKS)
                  0000a80c    00000018     sysbios.aem3 : mangled__BIOS_lib.obj (.text:ti_sysbios_family_arm_cc26xx_Timer_getCount64__E)
                  0000a824    00000018     appBLE_pem3.oem3 (.text:ti_sysbios_rom_cortexm_cc26xx_CC26xx_checkRevision__E)
                  0000a83c    00000016     ICall.obj (.text:ICall_leaveCSImpl)
                  0000a852    00000016     ICall.obj (.text:ICall_primStopTimer)
                  0000a868    00000016     oad_target_externalFlash.obj (.text:OADTarget_imageAddress)
                  0000a87e    00000016     sensor.obj (.text:sensorReadReg)
                  0000a894    00000016     ICallBleAPI.obj (.text:setICallCmdEvtHdr)
                  0000a8aa    00000016     appBLE_pem3.oem3 (.text:ti_sysbios_BIOS_exitFunc__I)
                  0000a8c0    00000014     ccservice.obj (.text:CcService_registerAppCBs)
                  0000a8d4    00000014     devinfoservice.obj (.text:DevInfo_AddService)
                  0000a8e8    00000014     ICallBleAPI.obj (.text:GGS_SetParameter)
                  0000a8fc    00000014     I2CCC26XX.obj (.text:I2CCC26XX_init)
                  0000a910    00000014     ICallCC2650.obj (.text:ICallPlatform_pwrIsStableXOSCHF)
                  0000a924    00000014     oad_target_externalFlash.obj (.text:OADTarget_close)
                  0000a938    00000014     PINCC26XX.obj (.text:PINCC26XX_getInputValue)
                  0000a94c    00000014     PINCC26XX.obj (.text:PINCC26XX_getOutputValue)
                  0000a960    00000014     SPICC26XXDMA.obj (.text:SPICC26XXDMA_init)
                  0000a974    00000014     SPI.obj (.text:SPI_Params_init)
                  0000a988    00000014     SensorTag_ConnCtrl.obj (.text:SensorTagConnectionControl_init)
                  0000a99c    00000014     driverlib.lib : chipinfo.obj (.text:ThisCodeIsBuiltForCC26xxHwRev22AndLater_HaltIfViolated)
                  0000a9b0    00000014     bsp_spi.obj (.text:bspSpiFlush)
                  0000a9c4    00000014     rtsv7M3_T_le_eabi.lib : _lock.obj (.text)
                  0000a9d8    00000014                           : strlen.obj (.text)
                  0000a9ec    00000014     sensor_mpu9250.obj (.text:sensorMpu9250PowerIsOn)
                  0000aa00    00000014     sensor_mpu9250.obj (.text:sensorMpu9250_Callback)
                  0000aa14    00000014     appBLE_pem3.oem3 (.text:ti_sysbios_knl_Clock_doTick__I)
                  0000aa28    00000008     (.tramp.ti_sysbios_knl_Clock_logTick__E.1)
                  0000aa30    00000008     (.tramp.ti_sysbios_knl_Swi_post__E.1)
                  0000aa38    00000012     ICallCC2650.obj (.text:ICallPlatform_pwrGetXOSCStartupTime)
                  0000aa4a    00000012     ext_flash.obj (.text:extFlashTest)
                  0000aa5c    00000012     sensor.obj (.text:sensorSetErrorData)
                  0000aa6e    00000012     appBLE_pem3.oem3 (.text:xdc_runtime_Startup_exec__I)
                  0000aa80    00000008     (.tramp.xdc_runtime_Startup_startMods__I.1)
                  0000aa88    00000010     ICallBleAPI.obj (.text:GAP_EndDiscoverable)
                  0000aa98    00000010     ICallBleAPI.obj (.text:GAP_UpdateLinkParamReq)
                  0000aaa8    00000010     gattservapp_util.obj (.text:GATTServApp_ReadCharCfg)
                  0000aab8    00000010     I2C.obj (.text:I2C_Params_init)
                  0000aac8    00000010     ICallCC2650.obj (.text:ICallPlatform_pwrGetTransitionState)
                  0000aad8    00000010     ICall.obj (.text:ICall_primGetTickPeriod)
                  0000aae8    00000010     ICall.obj (.text:ICall_primGetTicks)
                  0000aaf8    00000010     ICall.obj (.text:ICall_taskEntry)
                  0000ab08    00000010     oad_target_externalFlash.obj (.text:OADTarget_getCrc)
                  0000ab18    00000010     oad_target_externalFlash.obj (.text:OADTarget_open)
                  0000ab28    00000010     oad.obj (.text:OAD_register)
                  0000ab38    00000010     SensorTag_Keys.obj (.text:SensorTagKeys_init)
                  0000ab48    00000010     util.obj (.text:Util_isActive)
                  0000ab58    00000010     bsp_i2c.obj (.text:bspI2cWriteSingle)
                  0000ab68    00000010     ext_flash.obj (.text:extFlashDeselect)
                  0000ab78    00000010     ext_flash.obj (.text:extFlashSelect)
                  0000ab88    00000010     I2CCC26XX.obj (.text:i2cPostNotify)
                  0000ab98    0000000e     ICall.obj (.text:ICall_primDisableMInt)
                  0000aba6    0000000e     ICall.obj (.text:ICall_primEnableMInt)
                  0000abb4    00000008     (.tramp.ti_sysbios_family_arm_m3_Hwi_enableFxn__E.1)
                  0000abbc    00000008     (.tramp.ti_sysbios_knl_Task_enable__E.1)
                  0000abc4    0000000e     ICall.obj (.text:ICall_primFreeMsg)
                  0000abd2    0000000e     driverlib.lib : vims.obj (.text:NOROM_VIMSModeGet)
                  0000abe0    0000000e     util.obj (.text:Util_constructQueue)
                  0000abee    00000002     --HOLE-- [fill = 0]
                  0000abf0    00000008     (.tramp.ti_sysbios_knl_Queue_construct.1)
                  0000abf8    0000000e     rtsv7M3_T_le_eabi.lib : copy_decompress_none.obj (.text:decompress:none)
                  0000ac06    0000000e     ICallBleAPI.obj (.text:matchGSARegisterServiceCS)
                  0000ac14    0000000e     ICallBleAPI.obj (.text:matchGapLinkEstCS)
                  0000ac22    0000000e     ICallBleAPI.obj (.text:matchLinkDBNumConnsCS)
                  0000ac30    0000000e     ICallBleAPI.obj (.text:setDispatchCmdEvtHdr)
                  0000ac3e    00000002     --HOLE-- [fill = 0]
                  0000ac40    0000000c     peripheral.obj (.text:GAPRole_RegisterAppCBs)
                  0000ac4c    0000000c     ICallBleAPI.obj (.text:GAP_MakeDiscoverable)
                  0000ac58    0000000c     ICallBleAPI.obj (.text:GAP_TerminateAuth)
                  0000ac64    0000000c     ICallBleAPI.obj (.text:GATT_Indication)
                  0000ac70    0000000c     ICall.obj (.text:ICall_primDisableInt)
                  0000ac7c    00000008     (.tramp.ti_sysbios_hal_Hwi_disableInterrupt__E.1)
                  0000ac84    0000000c     ICall.obj (.text:ICall_primE2S)
                  0000ac90    0000000c     ICall.obj (.text:ICall_primEnableInt)
                  0000ac9c    00000008     (.tramp.ti_sysbios_hal_Hwi_enableInterrupt__E.1)
                  0000aca4    0000000c     ICall.obj (.text:ICall_primFree)
                  0000acb0    0000000c     ICall.obj (.text:ICall_primSignal)
                  0000acbc    0000000c     driverlib.lib : cpu.obj (.text:NOROM_CPUcpsid)
                  0000acc8    0000000c                   : cpu.obj (.text:NOROM_CPUcpsie)
                  0000acd4    0000000c     PINCC26XX.obj (.text:PIN_registerIntCb)
                  0000ace0    0000000c     bsp_i2c.obj (.text:bspI2cDeselect)
                  0000acec    0000000c     rtsv7M3_T_le_eabi.lib : copy_zero_init.obj (.text:decompress:ZI)
                  0000acf8    0000000c     ICallBleAPI.obj (.text:matchProfileSetParamCS)
                  0000ad04    0000000c     sensor_mpu9250.obj (.text:sensorMpu9250RegisterCallback)
                  0000ad10    0000000c     sensor_opt3001.obj (.text:sensorOpt3001Init)
                  0000ad1c    0000000c     sensor.obj (.text:sensorTestResult)
                  0000ad28    0000000c     SPICC26XXDMA.obj (.text:spiPostNotify)
                  0000ad34    0000000c     sysbios.aem3 : mangled__BIOS_lib.obj (.text:ti_sysbios_BIOS_getThreadType__E)
                  0000ad40    0000000c                  : mangled__BIOS_lib.obj (.text:ti_sysbios_family_arm_cc26xx_Power_getDependencyCount__E)
                  0000ad4c    0000000c                  : mangled__BIOS_lib.obj (.text:ti_sysbios_family_arm_cc26xx_Power_getTransitionState__E)
                  0000ad58    0000000c                  : mangled__BIOS_lib.obj (.text:ti_sysbios_hal_Hwi_Params__init__S)
                  0000ad64    00000008     (.tramp.xdc_runtime_Core_assignParams__I.1)
                  0000ad6c    0000000c     appBLE_pem3.oem3 (.text:xdc_runtime_Startup_reset__I)
                  0000ad78    0000000a     I2C.obj (.text:I2C_close)
                  0000ad82    0000000a     I2C.obj (.text:I2C_transfer)
                  0000ad8c    0000000a     ICallCC2650.obj (.text:ICallPlatform_pwrSwitchXOSCHF)
                  0000ad96    0000000a     ICall.obj (.text:ICall_clockFunc)
                  0000ada0    0000000a     oad_target_externalFlash.obj (.text:OADTarget_eraseFlash)
                  0000adaa    0000000a     oad_target_externalFlash.obj (.text:OADTarget_readFlash)
                  0000adb4    0000000a     oad_target_externalFlash.obj (.text:OADTarget_writeFlash)
                  0000adbe    0000000a     SPI.obj (.text:SPI_close)
                  0000adc8    0000000a     SPI.obj (.text:SPI_transfer)
                  0000add2    0000000a     UDMACC26XX.obj (.text:UDMACC26XX_hwiIntFxn)
                  0000addc    00000008     I2CCC26XX.obj (.text:I2CCC26XX_blockingCallback)
                  0000ade4    00000008     SPICC26XXDMA.obj (.text:SPICC26XXDMA_transferCallback)
                  0000adec    00000008     SensorTag_ConnCtrl.obj (.text:ccChangeCB)
                  0000adf4    00000008     SensorTag_IO.obj (.text:ioChangeCB)
                  0000adfc    00000008     oad.obj (.text:oadReadAttrCB)
                  0000ae04    00000008     SensorTag_Mov.obj (.text:sensorChangeCB)
                  0000ae0c    00000008     SensorTag_Bar.obj (.text:sensorConfigChangeCB)
                  0000ae14    00000008     SensorTag_Hum.obj (.text:sensorConfigChangeCB)
                  0000ae1c    00000008     SensorTag_Opt.obj (.text:sensorConfigChangeCB)
                  0000ae24    00000008     SensorTag_Tmp.obj (.text:sensorConfigChangeCB)
                  0000ae2c    00000006     ICallBleAPI.obj (.text:GATTServApp_AddService)
                  0000ae32    00000006     ICallBleAPI.obj (.text:GGS_AddService)
                  0000ae38    00000006     I2CCC26XX.obj (.text:I2CCC26XX_control)
                  0000ae3e    00000006     ICall.obj (.text:ICall_mallocImpl)
                  0000ae44    00000006     driverlib.lib : cpu.obj (.text:NOROM_CPUdelay)
                  0000ae4a    00000006     sysbios.aem3 : mangled__BIOS_lib.obj (.text:__xdc__init)
                  0000ae50    00000006     rtsv7M3_T_le_eabi.lib : copy_decompress_rle.obj (.text:decompress:rle24)
                  0000ae56    00000006     ICallBleAPI.obj (.text:matchGGSSetParamCS)
                  0000ae5c    00000006     ICallBleAPI.obj (.text:matchGapDeviceInitCS)
                  0000ae62    00000006     ICallBleAPI.obj (.text:matchGapEndDiscoverableCS)
                  0000ae68    00000006     ICallBleAPI.obj (.text:matchGapGetParamCS)
                  0000ae6e    00000006     ICallBleAPI.obj (.text:matchGapMakeDiscoverableCS)
                  0000ae74    00000006     ICallBleAPI.obj (.text:matchGapSetParamCS)
                  0000ae7a    00000006     ICallBleAPI.obj (.text:matchGapTerminateAuthCS)
                  0000ae80    00000006     ICallBleAPI.obj (.text:matchGapTerminateLinkReqCS)
                  0000ae86    00000006     ICallBleAPI.obj (.text:matchGapUpdateAdvDataCS)
                  0000ae8c    00000006     ICallBleAPI.obj (.text:matchGapUpdateLinkParamReqCS)
                  0000ae92    00000006     ICallBleAPI.obj (.text:matchUtilNvReadCS)
                  0000ae98    00000006     ICallBleAPI.obj (.text:matchUtilNvWriteCS)
                  0000ae9e    00000006     sensor_tmp007.obj (.text:sensorTmp007Init)
                  0000aea4    00000004     ICall.obj (.text:ICall_primAbort)
                  0000aea8    00000004     oad_target_externalFlash.obj (.text:OADTarget_hasExternalFlash)
                  0000aeac    00000004     util.obj (.text:Util_startClock)
                  0000aeb0    00000004     util.obj (.text:Util_stopClock)
                  0000aeb4    00000004     appBLE_pem3.oem3 (.text:ti_sysbios_family_arm_cc26xx_Power_NOP)
                  0000aeb8    00000004     sysbios.aem3 : mangled__BIOS_lib.obj (.text:ti_sysbios_knl_Clock_isActive__E)
                  0000aebc    00000004                  : mangled__BIOS_lib.obj (.text:ti_sysbios_knl_Clock_setPeriod__E)
                  0000aec0    00000008     (.tramp.ti_sysbios_knl_Queue_put__E.1)
                  0000aec8    00000008     (.tramp.ti_sysbios_BIOS_setThreadType__E.1)
                  0000aed0    00000008     (.tramp.ti_sysbios_BIOS_start__E.1)
                  0000aed8    00000008     (.tramp.ti_sysbios_hal_Hwi_create.1)
                  0000aee0    00000008     (.tramp.ti_sysbios_knl_Task_construct.1)
                  0000aee8    00000008     (.tramp.xdc_runtime_System_exit__E.1)
                  0000aef0    00000008     (.tramp.ti_sysbios_knl_Clock_construct.1)
                  0000aef8    00000008     (.tramp.ti_sysbios_BIOS_getCpuFreq__E.1)
                  0000af00    00000008     (.tramp.ti_sysbios_knl_Semaphore_create.1)
                  0000af08    00000008     (.tramp.ti_sysbios_knl_Task_exit__E.1)
                  0000af10    00000008     (.tramp.ti_sysbios_knl_Task_create.1)
                  0000af18    00000008     (.tramp.ti_sysbios_knl_Task_Params__init__S.1)
                  0000af20    00000008     (.tramp.ti_sysbios_knl_Semaphore_destruct.1)
                  0000af28    00000008     (.tramp.ti_sysbios_family_arm_m3_Hwi_destruct.1)
                  0000af30    00000008     (.tramp.ti_sysbios_knl_Clock_create.1)
                  0000af38    00000008     (.tramp.ti_sysbios_knl_Clock_Params__init__S.1)
                  0000af40    00000008     (.tramp.ti_sysbios_knl_Queue_enqueue__E.1)
                  0000af48    00000008     (.tramp.ti_sysbios_knl_Queue_remove__E.1)
                  0000af50    00000008     (.tramp.ti_sysbios_knl_Clock_scheduleNextTick__E.1)
                  0000af58    00000008     (.tramp.ti_sysbios_knl_Clock_walkQueueDynamic__E.1)
                  0000af60    00000008     (.tramp.ti_sysbios_family_arm_m3_Hwi_enableInterrupt__E.1)
                  0000af68    00000008     (.tramp.ti_sysbios_family_arm_m3_Hwi_disableInterrupt__E.1)
                  0000af70    00000008     (.tramp.ti_sysbios_knl_Clock_stop__E.1)
                  0000af78    00000008     (.tramp.ti_sysbios_knl_Clock_start__E.1)
                  0000af80    00000008     (.tramp.ti_sysbios_knl_Clock_setTimeout__E.1)
                  0000af88    00000008     (.tramp.ti_sysbios_knl_Clock_TimerProxy_getCurrentTick__E.1)
                  0000af90    00000008     (.tramp.ti_sysbios_knl_Semaphore_post__E.1)
                  0000af98    00000008     (.tramp.ti_sysbios_knl_Clock_getTicks__E.1)
                  0000afa0    00000008     (.tramp.ti_sysbios_knl_Task_self__E.1)
                  0000afa8    00000008     (.tramp.ti_sysbios_knl_Semaphore_pend__E.1)
                  0000afb0    00000008     (.tramp.ti_sysbios_family_arm_m3_Hwi_restoreFxn__E.1)
                  0000afb8    00000008     (.tramp.ti_sysbios_family_arm_m3_Hwi_disableFxn__E.1)
                  0000afc0    00000008     (.tramp.ti_sysbios_family_arm_m3_Hwi_construct.1)
                  0000afc8    00000008     (.tramp.ti_sysbios_family_arm_m3_Hwi_Params__init__S.1)
                  0000afd0    00000008     (.tramp.ti_sysbios_knl_Semaphore_construct.1)
                  0000afd8    00000008     (.tramp.ti_sysbios_knl_Semaphore_Params__init__S.1)
                  0000afe0    00000008     (.tramp.ti_sysbios_knl_Task_restore__E.1)
                  0000afe8    00000008     (.tramp.ti_sysbios_knl_Swi_restore__E.1)
                  0000aff0    00000008     (.tramp.ti_sysbios_knl_Swi_disable__E.1)
                  0000aff8    00000008     (.tramp.ti_sysbios_knl_Queue_next__E.1)
                  0000b000    00000008     (.tramp.ti_sysbios_knl_Queue_head__E.1)
                  0000b008    00000008     (.tramp.ti_sysbios_knl_Task_disable__E.1)
                  0000b010    00000008     (.tramp.ti_sysbios_knl_Queue_dequeue__E.1)
                  0000b018    00000008     (.tramp.ti_sysbios_knl_Task_sleep__E.1)
                  0000b020    00000008     (.tramp.ti_sysbios_knl_Queue_empty__E.1)

.const     0    0000b028    000006d8     
                  0000b028    000000bc     ICall.obj (.const)
                  0000b0e4    00000060     SensorTag.obj (.const)
                  0000b144    00000054     SPICC26XXDMA.obj (.const)
                  0000b198    0000004c     appBLE_pem3.oem3 (.const:ti_sysbios_family_arm_cc26xx_Power_db)
                  0000b1e4    00000048     appBLE_pem3.oem3 (.const:.string)
                  0000b22c    00000040     barometerservice.obj (.const:.string)
                  0000b26c    00000040     ccservice.obj (.const:.string)
                  0000b2ac    00000040     humidityservice.obj (.const:.string)
                  0000b2ec    00000040     irtempservice.obj (.const:.string)
                  0000b32c    00000040     movementservice.obj (.const:.string)
                  0000b36c    00000040     opticservice.obj (.const:.string)
                  0000b3ac    00000040     registerservice.obj (.const:.string)
                  0000b3ec    00000034     oad.obj (.const)
                  0000b420    00000030     ioservice.obj (.const:.string)
                  0000b450    0000002c     gatt_uuid.obj (.const)
                  0000b47c    00000028     Board.obj (.const:spiCC26XXDMAHWAttrs)
                  0000b4a4    00000028     appBLE_pem3.oem3 (.const:xdc_runtime_Startup_sfxnTab__A)
                  0000b4cc    00000027     oad.obj (.const:.string)
                  0000b4f3    00000027     bleUserConfig.obj (.const:txPowerTable)
                  0000b51a    00000002     bsp_i2c.obj (.const)
                  0000b51c    00000024     Board.obj (.const:SPI_config)
                  0000b540    00000020     SPI.obj (.const)
                  0000b560    0000001c     I2CCC26XX.obj (.const)
                  0000b57c    00000018     Board.obj (.const:I2C_config)
                  0000b594    00000014     devinfoservice.obj (.const:.string)
                  0000b5a8    00000014     barometerservice.obj (.const)
                  0000b5bc    00000014     ccservice.obj (.const)
                  0000b5d0    00000014     devinfoservice.obj (.const)
                  0000b5e4    00000014     humidityservice.obj (.const)
                  0000b5f8    00000014     ioservice.obj (.const)
                  0000b60c    00000014     irtempservice.obj (.const)
                  0000b620    00000014     movementservice.obj (.const)
                  0000b634    00000014     opticservice.obj (.const)
                  0000b648    00000014     registerservice.obj (.const)
                  0000b65c    00000014     simplekeys.obj (.const)
                  0000b670    00000014     appBLE_pem3.oem3 (.const:xdc_runtime_Startup_sfxnRts__A)
                  0000b684    00000010     I2C.obj (.const)
                  0000b694    00000010     Board.obj (.const:UDMACC26XX_config)
                  0000b6a4    00000010     Board.obj (.const:i2cCC26xxHWAttrs)
                  0000b6b4    0000000c     appBLE_pem3.oem3 (.const:xdc_runtime_Startup_firstFxns__A)
                  0000b6c0    00000008     ext_flash.obj (.const)
                  0000b6c8    00000008     Board.obj (.const:udmaHWAttrs)
                  0000b6d0    00000006     bleUserConfig.obj (.const)
                  0000b6d6    00000004     simplekeys.obj (.const:.string)
                  0000b6da    00000001     ICallCC2650.obj (.const)
                  0000b6db    00000001     appBLE_pem3.oem3 (.const:xdc_runtime_Text_charTab__A)
                  0000b6dc    00000004     appBLE_pem3.oem3 (.const:ti_sysbios_family_arm_cc26xx_Power_Module_State_clockObj__O)
                  0000b6e0    00000004     appBLE_pem3.oem3 (.const:ti_sysbios_family_arm_cc26xx_Power_Module_State_lfClockObj__O)
                  0000b6e4    00000004     appBLE_pem3.oem3 (.const:ti_sysbios_family_arm_cc26xx_Power_Module_State_notifyQ__O)
                  0000b6e8    00000004     appBLE_pem3.oem3 (.const:ti_sysbios_family_arm_cc26xx_Power_notifyTrapFunc__C)
                  0000b6ec    00000004     appBLE_pem3.oem3 (.const:ti_sysbios_family_arm_cc26xx_Power_totalTicksSTANDBY__C)
                  0000b6f0    00000004     appBLE_pem3.oem3 (.const:ti_sysbios_family_arm_cc26xx_Power_wakeDelaySTANDBY__C)
                  0000b6f4    00000004     appBLE_pem3.oem3 (.const:ti_sysbios_family_arm_m3_Hwi_disablePriority__C)
                  0000b6f8    00000004     appBLE_pem3.oem3 (.const:ti_sysbios_knl_Clock_tickPeriod__C)
                  0000b6fc    00000004     appBLE_pem3.oem3 (.const:ti_sysbios_knl_Idle_funcList__A)

.cinit     0    0000b700    00000c58     
                  0000b700    00000a7d     (.cinit..data.load) [load image, compression = rle]
                  0000c17d    00000003     --HOLE-- [fill = 0]
                  0000c180    0000002d     (.cinit..data:ti_sysbios_family_arm_m3_Hwi_Module__state__V.load) [load image, compression = rle]
                  0000c1ad    00000003     --HOLE-- [fill = 0]
                  0000c1b0    0000002c     (.cinit..data:ti_sysbios_knl_Task_Module__state__V.load) [load image, compression = rle]
                  0000c1dc    00000004     --HOLE-- [fill = 0]
                  0000c1e0    00000021     (.cinit..data:ti_sysbios_knl_Clock_Module__state__V.load) [load image, compression = rle]
                  0000c201    00000007     --HOLE-- [fill = 0]
                  0000c208    0000001f     (.cinit..data:ti_sysbios_BIOS_Module__state__V.load) [load image, compression = rle]
                  0000c227    00000001     --HOLE-- [fill = 0]
                  0000c228    00000011     (.cinit..data:ti_sysbios_knl_Swi_Module__state__V.load) [load image, compression = rle]
                  0000c239    00000007     --HOLE-- [fill = 0]
                  0000c240    0000000d     (.cinit..data:ti_sysbios_family_arm_cc26xx_Timer_Module__state__V.load) [load image, compression = rle]
                  0000c24d    00000003     --HOLE-- [fill = 0]
                  0000c250    0000000c     (__TI_handler_table)
                  0000c25c    00000004     --HOLE-- [fill = 0]
                  0000c260    0000000a     (.cinit..data:xdc_runtime_Memory_Module__state__V.load) [load image, compression = rle]
                  0000c26a    00000006     --HOLE-- [fill = 0]
                  0000c270    00000009     (.cinit..data:ti_sysbios_family_arm_cc26xx_TimestampProvider_Module__state__V.load) [load image, compression = rle]
                  0000c279    00000007     --HOLE-- [fill = 0]
                  0000c280    00000009     (.cinit..data:xdc_runtime_Startup_Module__state__V.load) [load image, compression = rle]
                  0000c289    00000007     --HOLE-- [fill = 0]
                  0000c290    00000009     (.cinit..data:xdc_runtime_System_Module__state__V.load) [load image, compression = rle]
                  0000c299    00000007     --HOLE-- [fill = 0]
                  0000c2a0    00000008     (.cinit..TI.bound:dmaRxControlTableEntry0.load) [load image, compression = zero_init]
                  0000c2a8    00000008     (.cinit..TI.bound:dmaRxControlTableEntry1.load) [load image, compression = zero_init]
                  0000c2b0    00000008     (.cinit..TI.bound:dmaTxControlTableEntry0.load) [load image, compression = zero_init]
                  0000c2b8    00000008     (.cinit..TI.bound:dmaTxControlTableEntry1.load) [load image, compression = zero_init]
                  0000c2c0    00000008     (.cinit..bss.load) [load image, compression = zero_init]
                  0000c2c8    00000008     (.cinit..vecs.load) [load image, compression = zero_init]
                  0000c2d0    00000088     (__TI_cinit_table)

.init_array 
*          0    00000000    00000000     UNINITIALIZED

.resetVecs 
*          0    00000000    0000003c     
                  00000000    0000003c     appBLE_pem3.oem3 (.resetVecs)

.ccfg      0    0000003c    00000058     
                  0000003c    00000058     ccfg_appBLE.obj (.ccfg:retain)

.const:ti_sysbios_knl_Task_Object__PARAMS__C 
*          0    00000100    0000003c     
                  00000100    0000003c     appBLE_pem3.oem3 (.const:ti_sysbios_knl_Task_Object__PARAMS__C)

.const:ti_sysbios_knl_Mailbox_Object__PARAMS__C 
*          0    0000013c    00000034     
                  0000013c    00000034     appBLE_pem3.oem3 (.const:ti_sysbios_knl_Mailbox_Object__PARAMS__C)

.const:ti_sysbios_family_arm_m3_Hwi_Object__PARAMS__C 
*          0    00000170    00000030     
                  00000170    00000030     appBLE_pem3.oem3 (.const:ti_sysbios_family_arm_m3_Hwi_Object__PARAMS__C)

.const:ti_sysbios_hal_Hwi_Object__PARAMS__C 
*          0    000001a0    0000002c     
                  000001a0    0000002c     appBLE_pem3.oem3 (.const:ti_sysbios_hal_Hwi_Object__PARAMS__C)

.const:ti_sysbios_heaps_HeapMem_Module__FXNS__C 
*          0    000001cc    00000028     
                  000001cc    00000028     appBLE_pem3.oem3 (.const:ti_sysbios_heaps_HeapMem_Module__FXNS__C)

.const:ti_sysbios_knl_Swi_Object__PARAMS__C 
*          0    000001f4    00000028     
                  000001f4    00000028     appBLE_pem3.oem3 (.const:ti_sysbios_knl_Swi_Object__PARAMS__C)

.const:ti_sysbios_gates_GateHwi_Module__FXNS__C 
*          0    0000021c    00000024     
                  0000021c    00000024     appBLE_pem3.oem3 (.const:ti_sysbios_gates_GateHwi_Module__FXNS__C)

.const:ti_sysbios_gates_GateMutex_Module__FXNS__C 
*          0    00000240    00000024     
                  00000240    00000024     appBLE_pem3.oem3 (.const:ti_sysbios_gates_GateMutex_Module__FXNS__C)

.const:ti_sysbios_heaps_HeapMem_Object__PARAMS__C 
*          0    00000264    00000024     
                  00000264    00000024     appBLE_pem3.oem3 (.const:ti_sysbios_heaps_HeapMem_Object__PARAMS__C)

.const:ti_sysbios_knl_Clock_Object__PARAMS__C 
*          0    00000288    00000024     
                  00000288    00000024     appBLE_pem3.oem3 (.const:ti_sysbios_knl_Clock_Object__PARAMS__C)

.const:ti_sysbios_knl_Semaphore_Object__PARAMS__C 
*          0    000002ac    00000024     
                  000002ac    00000024     appBLE_pem3.oem3 (.const:ti_sysbios_knl_Semaphore_Object__PARAMS__C)

.const:ti_sysbios_family_arm_m3_Hwi_Object__DESC__C 
*          0    000002d0    00000020     
[...]
1001c21f  ti_sysbios_gates_GateHwi_leave__E                                         
1001c225  ti_sysbios_knl_Clock_stop__E                                              
1001c22b  ti_sysbios_knl_Queue_Instance_init__E                                     
1001c231  ti_sysbios_knl_Queue_elemClear__E                                         
1001c237  ti_sysbios_knl_Swi_Module_startup__E                                      
1001c23d  ti_sysbios_knl_Swi_startup__E                                             
1001c243  ti_sysbios_knl_Task_enable__E                                             
1001c249  ti_sysbios_BIOS_RtsGateProxy_enter__E                                     
1001c24d  ti_sysbios_BIOS_RtsGateProxy_leave__E                                     
1001c251  ti_sysbios_family_arm_cc26xx_Timer_getExpiredTicks__E                     
1001c255  ti_sysbios_family_arm_cc26xx_Timer_getPeriod__E                           
1001c259  ti_sysbios_family_arm_cc26xx_Timer_setPeriod__E                           
1001c25d  ti_sysbios_family_arm_m3_Hwi_delete                                       
1001c261  ti_sysbios_family_arm_m3_Hwi_destruct                                     
1001c265  ti_sysbios_family_arm_m3_TaskSupport_Module__startupDone__S               
1001c269  ti_sysbios_gates_GateHwi_query__E                                         
1001c269  xdc_runtime_System_Module_GateProxy_query__E                              
1001c26d  ti_sysbios_gates_GateMutex_delete                                         
1001c271  ti_sysbios_gates_GateMutex_destruct                                       
1001c275  ti_sysbios_BIOS_RtsGateProxy_query__E                                     
1001c275  ti_sysbios_gates_GateMutex_query__E                                       
1001c275  ti_sysbios_heaps_HeapMem_Module_GateProxy_query__E                        
1001c279  ti_sysbios_hal_Hwi_HwiProxy_Module__startupDone__S                        
1001c27d  ti_sysbios_hal_Hwi_HwiProxy_delete                                        
1001c281  ti_sysbios_hal_Hwi_HwiProxy_disableInterrupt__E                           
1001c281  ti_sysbios_hal_Hwi_disableInterrupt__E                                    
1001c285  ti_sysbios_hal_Hwi_HwiProxy_enableInterrupt__E                            
1001c285  ti_sysbios_hal_Hwi_enableInterrupt__E                                     
1001c289  ti_sysbios_hal_Hwi_HwiProxy_getStackInfo__E                               
1001c289  ti_sysbios_hal_Hwi_getStackInfo__E                                        
1001c28d  ti_sysbios_hal_Hwi_HwiProxy_startup__E                                    
1001c28d  ti_sysbios_hal_Hwi_startup__E                                             
1001c291  ti_sysbios_hal_Hwi_HwiProxy_switchFromBootStack__E                        
1001c295  ti_sysbios_hal_Hwi_delete                                                 
1001c299  ti_sysbios_hal_Hwi_switchFromBootStack__E                                 
1001c29d  ti_sysbios_heaps_HeapMem_Module_GateProxy_enter__E                        
1001c2a1  ti_sysbios_heaps_HeapMem_Module_GateProxy_leave__E                        
1001c2a5  ti_sysbios_heaps_HeapMem_isBlocking__E                                    
1001c2a9  ti_sysbios_knl_Clock_TimerProxy_Module__startupDone__S                    
1001c2ad  ti_sysbios_knl_Clock_TimerProxy_getExpiredTicks__E                        
1001c2b1  ti_sysbios_knl_Clock_TimerProxy_getPeriod__E                              
1001c2b5  ti_sysbios_knl_Clock_delete                                               
1001c2b9  ti_sysbios_knl_Clock_destruct                                             
1001c2bd  ti_sysbios_knl_Clock_removeI__E                                           
1001c2c1  ti_sysbios_knl_Clock_setTimeout__E                                        
1001c2c5  ti_sysbios_knl_Mailbox_delete                                             
1001c2c9  ti_sysbios_knl_Mailbox_destruct                                           
1001c2cd  ti_sysbios_knl_Queue_delete                                               
1001c2d1  ti_sysbios_knl_Queue_destruct                                             
1001c2d5  ti_sysbios_knl_Queue_head__E                                              
1001c2d9  ti_sysbios_knl_Queue_next__E                                              
1001c2dd  ti_sysbios_knl_Semaphore_delete                                           
1001c2e1  ti_sysbios_knl_Semaphore_destruct                                         
1001c2e5  ti_sysbios_knl_Swi_delete                                                 
1001c2e9  ti_sysbios_knl_Swi_destruct                                               
1001c2ed  ti_sysbios_knl_Swi_postInit__I                                            
1001c2f1  ti_sysbios_knl_Task_SupportProxy_Module__startupDone__S                   
1001c2f5  ti_sysbios_knl_Task_SupportProxy_getStackAlignment__E                     
1001c2f9  ti_sysbios_knl_Task_SupportProxy_start__E                                 
1001c2fd  ti_sysbios_knl_Task_SupportProxy_swap__E                                  
1001c301  ti_sysbios_knl_Task_delete                                                
1001c305  ti_sysbios_knl_Task_destruct                                              
1001c309  ti_sysbios_knl_Task_startup__E                                            
1001c30d  xdc_runtime_Startup_startMods__I                                          
1001c405  xdc_runtime_Core_createObject__I                                          
1001c487  xdc_runtime_Error_policySpin__E                                           
1001c489  xdc_runtime_Memory_alloc__E                                               
1001c4f9  xdc_runtime_Core_deleteObject__I                                          
1001c559  xdc_runtime_Startup_exec__E                                               
1001c5a9  xdc_runtime_Assert_raise__I                                               
1001c5f1  xdc_runtime_Core_assignParams__I                                          
1001c639  xdc_runtime_Core_constructObject__I                                       
1001c681  xdc_runtime_System_atexit__E                                              
1001c6b9  xdc_runtime_System_processAtExit__E                                       
1001c6ed  xdc_runtime_Core_assignLabel__I                                           
1001c71d  xdc_runtime_Text_cordText__E                                              
1001c749  xdc_runtime_System_abort__E                                               
1001c769  xdc_runtime_Error_raiseX__E                                               
1001c785  xdc_runtime_Memory_valloc__E                                              
1001c7a1  xdc_runtime_Core_destructObject__I                                        
1001c7b9  xdc_runtime_Error_check__E                                                
1001c7d1  xdc_runtime_System_exit__E                                                
1001c7e9  xdc_runtime_Text_ropeText__E                                              
1001c801  xdc_runtime_Memory_free__E                                                
1001c811  xdc_runtime_SysCallback_abort__E                                          
1001c821  xdc_runtime_SysCallback_exit__E                                           
1001c831  xdc_runtime_Timestamp_SupportProxy_get32__E                               
1001c831  xdc_runtime_Timestamp_get32__E                                            
1001c841  xdc_runtime_Error_init__E                                                 
1001c84d  xdc_runtime_Memory_calloc__E                                              
1001c859  xdc_runtime_Memory_getMaxDefaultTypeAlign__E                              
1001c879  xdc_runtime_Gate_leaveSystem__E                                           
1001c87f  xdc_runtime_System_Module_startup__E                                      
1001c885  xdc_runtime_Gate_enterSystem__E                                           
1001c889  xdc_runtime_Memory_HeapProxy_alloc__E                                     
1001c88d  xdc_runtime_Memory_HeapProxy_free__E                                      
1001c891  xdc_runtime_System_Module_GateProxy_enter__E                              
1001c895  xdc_runtime_System_Module_GateProxy_leave__E                              
1001c899  xdc_runtime_System_abortSpin__E                                           
1001c89b  xdc_runtime_System_exitSpin__E                                            
1001c89d  ti_sysbios_family_arm_m3_Hwi_dispatch__I                                  
1001c96d  ti_sysbios_family_arm_m3_TaskSupport_buildTaskStack                       
1001c9b9  ti_sysbios_family_arm_m3_Hwi_initStacks__E                                
1001ca01  ti_sysbios_family_arm_m3_Hwi_excHandlerAsm__I                             
1001ca21  ti_sysbios_family_xxx_Hwi_switchAndRunFunc                                
1001ca3f  ti_sysbios_family_arm_m3_Hwi_pendSV__I                                    
1001ca57  ti_sysbios_family_arm_m3_Hwi_return                                       
1001ca59  ti_sysbios_family_arm_m3_TaskSupport_glue                                 
1001ca69  ti_sysbios_family_arm_m3_TaskSupport_swap__E                              
1001ca71  ti_sysbios_knl_Task_swapReturn                                            
1001ca9b  ti_sysbios_rom_cortexm_cc26xx_CC26xx_getRevision__E                       
20000000  ti_sysbios_family_arm_m3_Hwi_ramVectors                                   
20000100  ti_sysbios_knl_Task_Module__state__V                                      
20000144  ti_sysbios_family_arm_m3_Hwi_Module__state__V                             
20000178  ti_sysbios_knl_Clock_Module__state__V                                     
200001a4  ti_sysbios_BIOS_Module__state__V                                          
200001c8  ti_sysbios_knl_Swi_Module__state__V                                       
200001e4  ti_sysbios_family_arm_cc26xx_Timer_Module__state__V                       
200001ec  ti_sysbios_family_arm_cc26xx_TimestampProvider_Module__state__V           
200001f0  xdc_runtime_Startup_Module__state__V                                      
200001f8  xdc_runtime_System_Module__state__V                                       
20000200  xdc_runtime_Memory_Module__state__V                                       
20000520  gapProfileState                                                           
20000530  sem                                                                       
20000534  hGpioPin                                                                  
20000554  pinGpioState                                                              
20000a2c  linkDBNumConns                                                            
20000b40  gapRoleTask                                                               
20000b90  gapRoleTaskStack                                                          
200017c4  ICall_enterCriticalSection                                                
200017c8  ICall_leaveCriticalSection                                                
200017dc  ICall_dispatcher                                                          
200018c4  ti_sysbios_family_arm_cc26xx_Power_refCount                               
200018d7  ti_sysbios_family_arm_cc26xx_Power_constraintCounts                       
200018dc  ti_sysbios_family_arm_cc26xx_Power_resourceHandlers                       
200018e8  ti_sysbios_family_arm_cc26xx_Timer_Module__root__V                        
200018f0  ti_sysbios_family_arm_m3_Hwi_Module__root__V                              
200018f8  ti_sysbios_family_arm_m3_Hwi_Module_State_0_excActive__A                  
200018fc  ti_sysbios_family_arm_m3_Hwi_Module_State_0_excContext__A                 
20001900  ti_sysbios_family_arm_m3_Hwi_Module_State_0_excStack__A                   
20001904  ti_sysbios_gates_GateHwi_Module__root__V                                  
2000190c  ti_sysbios_gates_GateHwi_Object__table__V                                 
20001910  ti_sysbios_gates_GateMutex_Module__root__V                                
20001918  ti_sysbios_hal_Hwi_Module__root__V                                        
20001920  ti_sysbios_heaps_HeapMem_Module__root__V                                  
20001928  ti_sysbios_heaps_HeapMem_Object__table__V                                 
20001940  ti_sysbios_knl_Clock_Module__root__V                                      
20001948  ti_sysbios_knl_Event_Module__root__V                                      
20001950  ti_sysbios_knl_Mailbox_Module__root__V                                    
20001958  ti_sysbios_knl_Queue_Module__root__V                                      
20001960  ti_sysbios_knl_Semaphore_Module__root__V                                  
20001968  ti_sysbios_knl_Swi_Module__root__V                                        
20001970  ti_sysbios_knl_Task_Module__root__V                                       
20001978  ti_sysbios_knl_Task_Module_State_0_idleTask__A                            
2000197c  __xdc__init__addr                                                         
20001e68  ti_sysbios_family_arm_cc26xx_Power_Module__state__V                       
20001fa4  BoardGpioInitTable                                                        
2000204c  TSK_idle                                                                  
2000204c  ti_sysbios_knl_Task_Object__table__V                                      
200020e0  ti_sysbios_family_arm_cc26xx_Timer_Object__table__V                       
20002128  ti_sysbios_gates_GateMutex_Object__table__V                               
20002160  rfRegTbl                                                                  
200021f8  ti_sysbios_family_arm_m3_Hwi_Object__table__V                             
20002228  ti_sysbios_knl_Swi_Module_State_0_readyQ__A                               
20002258  ti_sysbios_knl_Swi_Object__table__V                                       
20002288  ti_sysbios_knl_Task_Module_State_0_readyQ__A                              
200022e4  user0Cfg                                                                  
2000235c  lastAppOpcodeSent                                                         
20002360  pfnBMAlloc                                                                
20002364  pfnBMFree                                                                 
20002370  _lock                                                                     
20002374  _unlock                                                                   
20002378  __TI_cleanup_ptr                                                          
2000237c  __TI_dtors_ptr                                                            
20002388  main_func_sp                                                              
20002ec8  ti_sysbios_heaps_HeapMem_Instance_State_0_buf__A                          
20003548  ti_sysbios_knl_Task_Instance_State_0_stack__A                             
20003748  spiCC26XXDMAObjects                                                       
20003898  PIN_NumPins                                                               
200038f8  PIN_HandleTable                                                           
20003974  ti_sysbios_family_arm_m3_Hwi_dispatchTable                                
20003a3c  i2cCC26xxObjects                                                          
20003b2c  UdmaObjects                                                               
20003ba0  driverlib_release_0_43243                                                 
2000405c  __stack                                                                   
2000445c  __STACK_END                                                               
2000445c  __STACK_TOP                                                               
e000e000  ti_sysbios_family_arm_m3_Hwi_nvic                                         
ffffffff  __binit__                                                                 
ffffffff  __c_args__                                                                
ffffffff  binit                                                                     
UNDEFED   SHT$$INIT_ARRAY$$Base                                                     
UNDEFED   SHT$$INIT_ARRAY$$Limit                                                    
UNDEFED   ti_sysbios_BIOS_RtsGateProxy_Handle__label__S__mangled__                  
UNDEFED   ti_sysbios_BIOS_RtsGateProxy_Object__delete__S__mangled__                 
UNDEFED   ti_sysbios_BIOS_RtsGateProxy_Params__init__S__mangled__                   
UNDEFED   ti_sysbios_BIOS_RtsGateProxy_query__E__mangled__                          
UNDEFED   ti_sysbios_hal_Hwi_HwiProxy_Module__startupDone__S__mangled__             
UNDEFED   ti_sysbios_hal_Hwi_HwiProxy_Object__delete__S__mangled__                  
UNDEFED   ti_sysbios_hal_Hwi_HwiProxy_Params__init__S__mangled__                    
UNDEFED   ti_sysbios_hal_Hwi_HwiProxy_disableInterrupt__E__mangled__                
UNDEFED   ti_sysbios_hal_Hwi_HwiProxy_enableInterrupt__E__mangled__                 
UNDEFED   ti_sysbios_hal_Hwi_HwiProxy_getStackInfo__E__mangled__                    
UNDEFED   ti_sysbios_hal_Hwi_HwiProxy_startup__E__mangled__                         
UNDEFED   ti_sysbios_hal_Hwi_HwiProxy_switchFromBootStack__E__mangled__             
UNDEFED   ti_sysbios_hal_Hwi_disableInterrupt__E__mangled__                         
UNDEFED   ti_sysbios_hal_Hwi_enableInterrupt__E__mangled__                          
UNDEFED   ti_sysbios_hal_Hwi_getStackInfo__E__mangled__                             
UNDEFED   ti_sysbios_hal_Hwi_startup__E__mangled__                                  
UNDEFED   ti_sysbios_hal_Hwi_switchFromBootStack__E__mangled__                      
UNDEFED   ti_sysbios_heaps_HeapMem_Module_GateProxy_Handle__label__S__mangled__     
UNDEFED   ti_sysbios_heaps_HeapMem_Module_GateProxy_Object__delete__S__mangled__    
UNDEFED   ti_sysbios_heaps_HeapMem_Module_GateProxy_Params__init__S__mangled__      
UNDEFED   ti_sysbios_heaps_HeapMem_Module_GateProxy_query__E__mangled__             
UNDEFED   ti_sysbios_knl_Clock_TimerProxy_Module__startupDone__S__mangled__         
UNDEFED   ti_sysbios_knl_Clock_TimerProxy_startup__E__mangled__                     
UNDEFED   ti_sysbios_knl_Task_SupportProxy_Module__startupDone__S__mangled__        
UNDEFED   ti_sysbios_knl_Task_SupportProxy_getStackAlignment__E__mangled__          
UNDEFED   ti_sysbios_knl_Task_SupportProxy_start__E__mangled__                      
UNDEFED   ti_sysbios_knl_Task_SupportProxy_swap__E__mangled__                       
UNDEFED   xdc_runtime_Main_Module_GateProxy_Handle__label__S                        
UNDEFED   xdc_runtime_Main_Module_GateProxy_Object__delete__S                       
UNDEFED   xdc_runtime_Main_Module_GateProxy_query__E                                
UNDEFED   xdc_runtime_Memory_HeapProxy_Handle__label__S__mangled__                  
UNDEFED   xdc_runtime_Memory_HeapProxy_Object__delete__S__mangled__                 
UNDEFED   xdc_runtime_System_Module_GateProxy_Handle__label__S__mangled__           
UNDEFED   xdc_runtime_System_Module_GateProxy_Object__delete__S__mangled__          
UNDEFED   xdc_runtime_System_Module_GateProxy_query__E__mangled__                   
UNDEFED   xdc_runtime_System_SupportProxy_abort__E                                  
UNDEFED   xdc_runtime_System_SupportProxy_exit__E                                   
UNDEFED   xdc_runtime_Timestamp_SupportProxy_get64__E__mangled__                    
UNDEFED   xdc_runtime_Timestamp_SupportProxy_getFreq__E__mangled__                  
UNDEFED   xdc_runtime_Timestamp_get32__E__mangled__                                 
UNDEFED   xdc_runtime_Timestamp_get64__E__mangled__                                 
UNDEFED   xdc_runtime_Timestamp_getFreq__E__mangled__                               

[1002 symbols]
